2018-01-26 10:32:28.114502 7fcbd710c700  0 -- 10.93.100.1:6810/1249245 >> 10.93.100.3:6802/209116 conn(0x55dfe0982000 :-1 s=STATE_OPEN pgs=36240 cs=1737 l=0).fault with nothing to send, going to standby
2018-01-26 10:33:01.899085 7fcbaf1ad700  0 log_channel(cluster) log [INF] : 10.30e scrub ok
2018-01-26 10:34:25.936912 7fcbd690b700  0 -- 10.93.100.1:6810/1249245 >> 10.93.100.2:6817/362105 conn(0x55dff5c12000 :6810 s=STATE_ACCEPTING_WAIT_CONNECT_MSG_AUTH pgs=0 cs=0 l=0).handle_connect_msg accept connect_seq 1059 vs existing csq=1059 existing_state=STATE_STANDBY
2018-01-26 10:34:25.937209 7fcbd690b700  0 -- 10.93.100.1:6810/1249245 >> 10.93.100.2:6817/362105 conn(0x55dff5c12000 :6810 s=STATE_ACCEPTING_WAIT_CONNECT_MSG_AUTH pgs=0 cs=0 l=0).handle_connect_msg accept connect_seq 1060 vs existing csq=1059 existing_state=STATE_STANDBY
2018-01-26 10:42:38.975687 7fcbd710c700  0 -- 10.93.100.1:6810/1249245 >> 10.93.100.3:6808/212495 conn(0x55dfe192b000 :6810 s=STATE_ACCEPTING_WAIT_CONNECT_MSG_AUTH pgs=0 cs=0 l=0).handle_connect_msg accept connect_seq 411 vs existing csq=411 existing_state=STATE_STANDBY
2018-01-26 10:42:38.975992 7fcbd710c700  0 -- 10.93.100.1:6810/1249245 >> 10.93.100.3:6808/212495 conn(0x55dfe192b000 :6810 s=STATE_ACCEPTING_WAIT_CONNECT_MSG_AUTH pgs=0 cs=0 l=0).handle_connect_msg accept connect_seq 412 vs existing csq=411 existing_state=STATE_STANDBY
2018-01-26 10:44:24.454507 7fcbaf1ad700  0 log_channel(cluster) log [INF] : 10.3e deep-scrub starts
2018-01-26 10:46:16.537681 7fcbd610a700  0 -- 10.93.100.1:6810/1249245 >> 10.93.100.3:6806/211308 conn(0x55dfde70d800 :6810 s=STATE_OPEN pgs=28860 cs=1353 l=0).fault with nothing to send, going to standby
2018-01-26 10:47:17.209506 7fcbd690b700  0 -- 10.93.100.1:6810/1249245 >> 10.93.100.3:6826/225659 conn(0x55dfe2a5e800 :6810 s=STATE_ACCEPTING_WAIT_CONNECT_MSG_AUTH pgs=0 cs=0 l=0).handle_connect_msg accept connect_seq 1611 vs existing csq=1611 existing_state=STATE_STANDBY
2018-01-26 10:47:17.209781 7fcbd690b700  0 -- 10.93.100.1:6810/1249245 >> 10.93.100.3:6826/225659 conn(0x55dfe2a5e800 :6810 s=STATE_ACCEPTING_WAIT_CONNECT_MSG_AUTH pgs=0 cs=0 l=0).handle_connect_msg accept connect_seq 1612 vs existing csq=1611 existing_state=STATE_STANDBY
2018-01-26 10:47:17.347224 7fcbd710c700  0 -- 10.93.100.1:6810/1249245 >> 10.93.100.3:6820/220798 conn(0x55dfe2353000 :6810 s=STATE_ACCEPTING_WAIT_CONNECT_MSG_AUTH pgs=0 cs=0 l=0).handle_connect_msg accept connect_seq 1773 vs existing csq=1773 existing_state=STATE_STANDBY
2018-01-26 10:47:17.347470 7fcbd710c700  0 -- 10.93.100.1:6810/1249245 >> 10.93.100.3:6820/220798 conn(0x55dfe2353000 :6810 s=STATE_ACCEPTING_WAIT_CONNECT_MSG_AUTH pgs=0 cs=0 l=0).handle_connect_msg accept connect_seq 1774 vs existing csq=1773 existing_state=STATE_STANDBY
2018-01-26 10:47:38.213124 7fcbd610a700  0 -- 10.93.100.1:6810/1249245 >> 10.93.100.2:6823/366582 conn(0x55dfe307d800 :6810 s=STATE_ACCEPTING_WAIT_CONNECT_MSG_AUTH pgs=0 cs=0 l=0).handle_connect_msg accept connect_seq 1155 vs existing csq=1155 existing_state=STATE_STANDBY
2018-01-26 10:47:38.213417 7fcbd610a700  0 -- 10.93.100.1:6810/1249245 >> 10.93.100.2:6823/366582 conn(0x55dfe307d800 :6810 s=STATE_ACCEPTING_WAIT_CONNECT_MSG_AUTH pgs=0 cs=0 l=0).handle_connect_msg accept connect_seq 1156 vs existing csq=1155 existing_state=STATE_STANDBY
2018-01-26 10:49:25.940468 7fcbd690b700  0 -- 10.93.100.1:6810/1249245 >> 10.93.100.2:6817/362105 conn(0x55dfde73c000 :-1 s=STATE_OPEN pgs=38291 cs=1061 l=0).fault with nothing to send, going to standby
2018-01-26 10:57:38.977936 7fcbd710c700  0 -- 10.93.100.1:6810/1249245 >> 10.93.100.3:6808/212495 conn(0x55dfde6fd000 :6810 s=STATE_OPEN pgs=28352 cs=413 l=0).fault with nothing to send, going to standby
2018-01-26 10:58:47.222070 7fcbd710c700  0 -- 10.93.100.1:6810/1249245 >> 10.93.100.2:6815/360743 conn(0x55dfde83d000 :6810 s=STATE_OPEN pgs=39577 cs=1667 l=0).fault with nothing to send, going to standby
2018-01-26 10:59:27.807597 7fcbaf1ad700  0 log_channel(cluster) log [INF] : 10.3e deep-scrub ok
2018-01-26 11:00:16.670043 7fcbd610a700  0 -- 10.93.100.1:6810/1249245 >> 10.93.100.2:6800/1358075 conn(0x55dfe700b000 :6810 s=STATE_OPEN pgs=40681 cs=173 l=0).fault with nothing to send, going to standby
2018-01-26 11:01:33.235072 7fcbd710c700  0 -- 10.93.100.1:6810/1249245 >> 10.93.100.4:6824/2218244 conn(0x55dff4ebd000 :6810 s=STATE_OPEN pgs=37159 cs=1277 l=0).fault with nothing to send, going to standby
2018-01-26 11:01:34.355038 7fcbd710c700  0 -- 10.93.100.1:6810/1249245 >> 10.93.100.2:6827/369870 conn(0x55dff3611000 :-1 s=STATE_OPEN pgs=25922 cs=1247 l=0).fault with nothing to send, going to standby
2018-01-26 11:02:17.804908 7fcbd690b700  0 -- 10.93.100.1:6810/1249245 >> 10.93.100.3:6800/208071 conn(0x55dfe1738800 :6810 s=STATE_OPEN pgs=32954 cs=1219 l=0).fault with nothing to send, going to standby
2018-01-26 11:02:24.813850 7fcbd710c700  0 -- 10.93.100.1:6810/1249245 >> 10.93.100.4:6800/205503 conn(0x55dfe1eae800 :-1 s=STATE_OPEN pgs=35158 cs=1733 l=0).fault with nothing to send, going to standby
2018-01-26 11:07:36.229201 7fcbd690b700  0 -- 10.93.100.1:6810/1249245 >> 10.93.100.3:6818/219268 conn(0x55dfe263f000 :-1 s=STATE_OPEN pgs=32258 cs=1689 l=0).fault with nothing to send, going to standby
2018-01-26 11:17:15.439445 7fcbd710c700  0 -- 10.93.100.1:6810/1249245 >> 10.93.100.4:6824/2218244 conn(0x55dfe12ea000 :6810 s=STATE_ACCEPTING_WAIT_CONNECT_MSG_AUTH pgs=0 cs=0 l=0).handle_connect_msg accept connect_seq 1277 vs existing csq=1277 existing_state=STATE_STANDBY
2018-01-26 11:17:15.439686 7fcbd710c700  0 -- 10.93.100.1:6810/1249245 >> 10.93.100.4:6824/2218244 conn(0x55dfe12ea000 :6810 s=STATE_ACCEPTING_WAIT_CONNECT_MSG_AUTH pgs=0 cs=0 l=0).handle_connect_msg accept connect_seq 1278 vs existing csq=1277 existing_state=STATE_STANDBY
2018-01-26 11:17:15.586412 7fcbd710c700  0 -- 10.93.100.1:6810/1249245 >> 10.93.100.3:6806/211308 conn(0x55dfe9841800 :6810 s=STATE_ACCEPTING_WAIT_CONNECT_MSG_AUTH pgs=0 cs=0 l=0).handle_connect_msg accept connect_seq 1353 vs existing csq=1353 existing_state=STATE_STANDBY
2018-01-26 11:17:15.586827 7fcbd710c700  0 -- 10.93.100.1:6810/1249245 >> 10.93.100.3:6806/211308 conn(0x55dfe9841800 :6810 s=STATE_ACCEPTING_WAIT_CONNECT_MSG_AUTH pgs=0 cs=0 l=0).handle_connect_msg accept connect_seq 1354 vs existing csq=1353 existing_state=STATE_STANDBY
2018-01-26 11:17:17.211298 7fcbd690b700  0 -- 10.93.100.1:6810/1249245 >> 10.93.100.3:6826/225659 conn(0x55dfe15f4800 :6810 s=STATE_OPEN pgs=29196 cs=1613 l=0).fault with nothing to send, going to standby
2018-01-26 11:17:17.347354 7fcbd710c700  0 -- 10.93.100.1:6810/1249245 >> 10.93.100.3:6820/220798 conn(0x55dfde710800 :6810 s=STATE_OPEN pgs=35691 cs=1775 l=0).fault with nothing to send, going to standby
2018-01-26 11:17:17.938831 7fcbd690b700  0 -- 10.93.100.1:6810/1249245 >> 10.93.100.2:6821/365066 conn(0x55dfe20e1000 :6810 s=STATE_OPEN pgs=30768 cs=1851 l=0).fault with nothing to send, going to standby
2018-01-26 11:17:38.214728 7fcbd610a700  0 -- 10.93.100.1:6810/1249245 >> 10.93.100.2:6823/366582 conn(0x55dfe15f0000 :6810 s=STATE_OPEN pgs=34177 cs=1157 l=0).fault with nothing to send, going to standby
2018-01-26 11:19:24.700811 7fcbd610a700  0 -- 10.93.100.1:6810/1249245 >> 10.93.100.3:6816/217802 conn(0x55dfde70c000 :6810 s=STATE_OPEN pgs=43147 cs=1821 l=0).fault with nothing to send, going to standby
2018-01-26 11:19:26.867273 7fcbd610a700  0 -- 10.93.100.1:6810/1249245 >> 10.93.100.2:6821/365066 conn(0x55dffd548000 :6810 s=STATE_ACCEPTING_WAIT_CONNECT_MSG_AUTH pgs=0 cs=0 l=0).handle_connect_msg accept connect_seq 1851 vs existing csq=1851 existing_state=STATE_STANDBY
2018-01-26 11:19:26.867573 7fcbd610a700  0 -- 10.93.100.1:6810/1249245 >> 10.93.100.2:6821/365066 conn(0x55dffd548000 :6810 s=STATE_ACCEPTING_WAIT_CONNECT_MSG_AUTH pgs=0 cs=0 l=0).handle_connect_msg accept connect_seq 1852 vs existing csq=1851 existing_state=STATE_STANDBY
2018-01-26 11:19:27.195243 7fcbd690b700  0 -- 10.93.100.1:6810/1249245 >> 10.93.100.2:6823/366582 conn(0x55dfe2a5d000 :6810 s=STATE_ACCEPTING_WAIT_CONNECT_MSG_AUTH pgs=0 cs=0 l=0).handle_connect_msg accept connect_seq 1157 vs existing csq=1157 existing_state=STATE_STANDBY
2018-01-26 11:19:27.195564 7fcbd690b700  0 -- 10.93.100.1:6810/1249245 >> 10.93.100.2:6823/366582 conn(0x55dfe2a5d000 :6810 s=STATE_ACCEPTING_WAIT_CONNECT_MSG_AUTH pgs=0 cs=0 l=0).handle_connect_msg accept connect_seq 1158 vs existing csq=1157 existing_state=STATE_STANDBY
2018-01-26 11:19:27.446556 7fcbd610a700  0 -- 10.93.100.1:6810/1249245 >> 10.93.100.3:6816/217802 conn(0x55dfedf18800 :6810 s=STATE_ACCEPTING_WAIT_CONNECT_MSG_AUTH pgs=0 cs=0 l=0).handle_connect_msg accept connect_seq 1821 vs existing csq=1821 existing_state=STATE_STANDBY
2018-01-26 11:19:27.446885 7fcbd610a700  0 -- 10.93.100.1:6810/1249245 >> 10.93.100.3:6816/217802 conn(0x55dfedf18800 :6810 s=STATE_ACCEPTING_WAIT_CONNECT_MSG_AUTH pgs=0 cs=0 l=0).handle_connect_msg accept connect_seq 1822 vs existing csq=1821 existing_state=STATE_STANDBY
2018-01-26 11:24:35.756140 7fcbae9ac700  0 log_channel(cluster) log [INF] : 3.a8 scrub starts
2018-01-26 11:24:35.780838 7fcbae9ac700  0 log_channel(cluster) log [INF] : 3.a8 scrub ok
2018-01-26 11:25:24.621573 7fcbd710c700  0 -- 10.93.100.1:6810/1249245 >> 10.93.100.3:6802/209116 conn(0x55dfe0982000 :-1 s=STATE_OPEN pgs=36268 cs=1739 l=0).fault with nothing to send, going to standby
2018-01-26 11:31:20.488366 7fcbd710c700  0 -- 10.93.100.1:6810/1249245 >> 10.93.100.2:6815/360743 conn(0x55dfde83d000 :6810 s=STATE_OPEN pgs=39605 cs=1669 l=0).fault with nothing to send, going to standby
2018-01-26 11:31:21.092798 7fcbd710c700  0 -- 10.93.100.1:6810/1249245 >> 10.93.100.4:6804/207607 conn(0x55dfdfcc1800 :-1 s=STATE_OPEN pgs=33782 cs=1333 l=0).fault with nothing to send, going to standby
2018-01-26 11:32:17.459594 7fcbd610a700  0 -- 10.93.100.1:6810/1249245 >> 10.93.100.4:6826/3221427 conn(0x55dfe307d800 :6810 s=STATE_ACCEPTING_WAIT_CONNECT_MSG_AUTH pgs=0 cs=0 l=0).handle_connect_msg accept connect_seq 1149 vs existing csq=1149 existing_state=STATE_STANDBY
2018-01-26 11:32:17.459828 7fcbd610a700  0 -- 10.93.100.1:6810/1249245 >> 10.93.100.4:6826/3221427 conn(0x55dfe307d800 :6810 s=STATE_ACCEPTING_WAIT_CONNECT_MSG_AUTH pgs=0 cs=0 l=0).handle_connect_msg accept connect_seq 1150 vs existing csq=1149 existing_state=STATE_STANDBY
2018-01-26 11:34:26.869501 7fcbd610a700  0 -- 10.93.100.1:6810/1249245 >> 10.93.100.2:6821/365066 conn(0x55dfe20e1000 :6810 s=STATE_OPEN pgs=30801 cs=1853 l=0).fault with nothing to send, going to standby
2018-01-26 11:34:27.198938 7fcbd690b700  0 -- 10.93.100.1:6810/1249245 >> 10.93.100.2:6823/366582 conn(0x55dfe15f0000 :6810 s=STATE_OPEN pgs=34190 cs=1159 l=0).fault with nothing to send, going to standby
2018-01-26 11:37:27.386461 7fcbd690b700  0 -- 10.93.100.1:6810/1249245 >> 10.93.100.4:6816/215281 conn(0x55dfe7009800 :6810 s=STATE_ACCEPTING_WAIT_CONNECT_MSG_AUTH pgs=0 cs=0 l=0).handle_connect_msg accept connect_seq 1781 vs existing csq=1781 existing_state=STATE_STANDBY
2018-01-26 11:37:27.386778 7fcbd690b700  0 -- 10.93.100.1:6810/1249245 >> 10.93.100.4:6816/215281 conn(0x55dfe7009800 :6810 s=STATE_ACCEPTING_WAIT_CONNECT_MSG_AUTH pgs=0 cs=0 l=0).handle_connect_msg accept connect_seq 1782 vs existing csq=1781 existing_state=STATE_STANDBY
2018-01-26 11:37:27.403234 7fcbd690b700  0 -- 10.93.100.1:6810/1249245 >> 10.93.100.2:6819/363563 conn(0x55dfe1928000 :6810 s=STATE_ACCEPTING_WAIT_CONNECT_MSG_AUTH pgs=0 cs=0 l=0).handle_connect_msg accept connect_seq 1269 vs existing csq=1269 existing_state=STATE_STANDBY
2018-01-26 11:37:27.403509 7fcbd690b700  0 -- 10.93.100.1:6810/1249245 >> 10.93.100.2:6819/363563 conn(0x55dfe1928000 :6810 s=STATE_ACCEPTING_WAIT_CONNECT_MSG_AUTH pgs=0 cs=0 l=0).handle_connect_msg accept connect_seq 1270 vs existing csq=1269 existing_state=STATE_STANDBY
2018-01-26 11:38:11.313071 7fcbd710c700  0 -- 10.93.100.1:6810/1249245 >> 10.93.100.2:6807/355664 conn(0x55dfe1033000 :6810 s=STATE_OPEN pgs=40623 cs=1249 l=0).fault with nothing to send, going to standby
2018-01-26 11:38:13.105174 7fcbd690b700  0 -- 10.93.100.1:6810/1249245 >> 10.93.100.3:6812/215022 conn(0x55dfdfcc0000 :-1 s=STATE_OPEN pgs=30251 cs=1264 l=0).fault with nothing to send, going to standby
2018-01-26 11:47:15.440468 7fcbd710c700  0 -- 10.93.100.1:6810/1249245 >> 10.93.100.4:6824/2218244 conn(0x55dff4ebd000 :6810 s=STATE_OPEN pgs=37178 cs=1279 l=0).fault with nothing to send, going to standby
2018-01-26 11:47:15.589757 7fcbd710c700  0 -- 10.93.100.1:6810/1249245 >> 10.93.100.3:6806/211308 conn(0x55dfde70d800 :6810 s=STATE_OPEN pgs=28886 cs=1355 l=0).fault with nothing to send, going to standby
2018-01-26 11:47:18.345702 7fcbd690b700  0 -- 10.93.100.1:6810/1249245 >> 10.93.100.3:6804/210170 conn(0x55dfe2955000 :6810 s=STATE_OPEN pgs=45277 cs=1631 l=0).fault with nothing to send, going to standby
2018-01-26 11:52:27.387389 7fcbd690b700  0 -- 10.93.100.1:6810/1249245 >> 10.93.100.4:6816/215281 conn(0x55dfe1eaa000 :-1 s=STATE_OPEN pgs=34213 cs=1783 l=0).fault with nothing to send, going to standby
2018-01-26 11:54:35.755127 7fcbd690b700  0 -- 10.93.100.1:6810/1249245 >> 10.93.100.3:6824/224017 conn(0x55dfe1b4a800 :-1 s=STATE_OPEN pgs=34533 cs=1393 l=0).fault with nothing to send, going to standby
2018-01-26 11:55:43.765699 7fcbd710c700  0 -- 10.93.100.1:6810/1249245 >> 10.93.100.2:6827/369870 conn(0x55dff3611000 :-1 s=STATE_OPEN pgs=25944 cs=1249 l=0).fault with nothing to send, going to standby
2018-01-26 11:59:24.958744 7fcbd710c700  0 -- 10.93.100.1:6810/1249245 >> 10.93.100.3:6802/209116 conn(0x55dfe0982000 :-1 s=STATE_OPEN pgs=36286 cs=1741 l=0).fault with nothing to send, going to standby
2018-01-26 12:00:15.444477 7fcbd610a700  0 -- 10.93.100.1:6810/1249245 >> 10.93.100.2:6800/1358075 conn(0x55dfe700b000 :6810 s=STATE_OPEN pgs=40721 cs=175 l=0).fault with nothing to send, going to standby
2018-01-26 12:02:17.459910 7fcbd610a700  0 -- 10.93.100.1:6810/1249245 >> 10.93.100.4:6826/3221427 conn(0x55dfe536d800 :6810 s=STATE_OPEN pgs=40028 cs=1151 l=0).fault with nothing to send, going to standby
2018-01-26 12:04:27.447246 7fcbd610a700  0 -- 10.93.100.1:6810/1249245 >> 10.93.100.3:6816/217802 conn(0x55dfde70c000 :6810 s=STATE_OPEN pgs=43184 cs=1823 l=0).fault with nothing to send, going to standby
2018-01-26 12:07:25.698416 7fcbd610a700  0 -- 10.93.100.1:6810/1249245 >> 10.93.100.2:6821/365066 conn(0x55dfe0a6c800 :6810 s=STATE_ACCEPTING_WAIT_CONNECT_MSG_AUTH pgs=0 cs=0 l=0).handle_connect_msg accept connect_seq 1853 vs existing csq=1853 existing_state=STATE_STANDBY
2018-01-26 12:07:25.698665 7fcbd610a700  0 -- 10.93.100.1:6810/1249245 >> 10.93.100.2:6821/365066 conn(0x55dfe0a6c800 :6810 s=STATE_ACCEPTING_WAIT_CONNECT_MSG_AUTH pgs=0 cs=0 l=0).handle_connect_msg accept connect_seq 1854 vs existing csq=1853 existing_state=STATE_STANDBY
2018-01-26 12:07:27.400550 7fcbd690b700  0 -- 10.93.100.1:6810/1249245 >> 10.93.100.2:6819/363563 conn(0x55dfe1030000 :6810 s=STATE_OPEN pgs=37260 cs=1271 l=0).fault with nothing to send, going to standby
2018-01-26 12:07:27.420165 7fcbd690b700  0 -- 10.93.100.1:6810/1249245 >> 10.93.100.4:6810/211184 conn(0x55dfe1ead000 :-1 s=STATE_OPEN pgs=33370 cs=1503 l=0).fault with nothing to send, going to standby
2018-01-26 12:17:16.225379 7fcbd710c700  0 -- 10.93.100.1:6810/1249245 >> 10.93.100.2:6807/355664 conn(0x55dfe1033000 :6810 s=STATE_OPEN pgs=40647 cs=1251 l=0).fault with nothing to send, going to standby
2018-01-26 12:17:33.488786 7fcbd610a700  0 -- 10.93.100.1:6810/1249245 >> 10.93.100.2:6829/1354570 conn(0x55dffd54b000 :6810 s=STATE_OPEN pgs=27544 cs=281 l=0).fault with nothing to send, going to standby
2018-01-26 12:17:34.596581 7fcbd710c700  0 -- 10.93.100.1:6810/1249245 >> 10.93.100.4:6800/205503 conn(0x55dfe1eae800 :-1 s=STATE_OPEN pgs=35207 cs=1735 l=0).fault with nothing to send, going to standby
2018-01-26 12:19:24.882633 7fcbd610a700  0 -- 10.93.100.1:6810/1249245 >> 10.93.100.2:6800/1358075 conn(0x55dfe12ea000 :6810 s=STATE_ACCEPTING_WAIT_CONNECT_MSG_AUTH pgs=0 cs=0 l=0).handle_connect_msg accept connect_seq 175 vs existing csq=175 existing_state=STATE_STANDBY
2018-01-26 12:19:24.882920 7fcbd610a700  0 -- 10.93.100.1:6810/1249245 >> 10.93.100.2:6800/1358075 conn(0x55dfe12ea000 :6810 s=STATE_ACCEPTING_WAIT_CONNECT_MSG_AUTH pgs=0 cs=0 l=0).handle_connect_msg accept connect_seq 176 vs existing csq=175 existing_state=STATE_STANDBY
2018-01-26 12:19:25.962469 7fcbd690b700  0 -- 10.93.100.1:6810/1249245 >> 10.93.100.2:6829/1354570 conn(0x55dfedf18800 :6810 s=STATE_ACCEPTING_WAIT_CONNECT_MSG_AUTH pgs=0 cs=0 l=0).handle_connect_msg accept connect_seq 281 vs existing csq=281 existing_state=STATE_STANDBY
2018-01-26 12:19:25.962828 7fcbd690b700  0 -- 10.93.100.1:6810/1249245 >> 10.93.100.2:6829/1354570 conn(0x55dfedf18800 :6810 s=STATE_ACCEPTING_WAIT_CONNECT_MSG_AUTH pgs=0 cs=0 l=0).handle_connect_msg accept connect_seq 282 vs existing csq=281 existing_state=STATE_STANDBY
2018-01-26 12:28:12.953781 7fcbd690b700  0 -- 10.93.100.1:6810/1249245 >> 10.93.100.3:6820/220798 conn(0x55dfde69c800 :6810 s=STATE_ACCEPTING_WAIT_CONNECT_MSG_AUTH pgs=0 cs=0 l=0).handle_connect_msg accept connect_seq 1775 vs existing csq=1775 existing_state=STATE_STANDBY
2018-01-26 12:28:12.954064 7fcbd690b700  0 -- 10.93.100.1:6810/1249245 >> 10.93.100.3:6820/220798 conn(0x55dfde69c800 :6810 s=STATE_ACCEPTING_WAIT_CONNECT_MSG_AUTH pgs=0 cs=0 l=0).handle_connect_msg accept connect_seq 1776 vs existing csq=1775 existing_state=STATE_STANDBY
2018-01-26 12:32:16.965165 7fcbd690b700  0 -- 10.93.100.1:6810/1249245 >> 10.93.100.3:6824/224017 conn(0x55dfe218b800 :6810 s=STATE_ACCEPTING_WAIT_CONNECT_MSG_AUTH pgs=0 cs=0 l=0).handle_connect_msg accept connect_seq 1393 vs existing csq=1393 existing_state=STATE_STANDBY
2018-01-26 12:32:16.965496 7fcbd690b700  0 -- 10.93.100.1:6810/1249245 >> 10.93.100.3:6824/224017 conn(0x55dfe218b800 :6810 s=STATE_ACCEPTING_WAIT_CONNECT_MSG_AUTH pgs=0 cs=0 l=0).handle_connect_msg accept connect_seq 1394 vs existing csq=1393 existing_state=STATE_STANDBY
2018-01-26 12:32:19.064665 7fcbd690b700  0 -- 10.93.100.1:6810/1249245 >> 10.93.100.4:6800/205503 conn(0x55dfe700c800 :6810 s=STATE_ACCEPTING_WAIT_CONNECT_MSG_AUTH pgs=0 cs=0 l=0).handle_connect_msg accept connect_seq 1735 vs existing csq=1735 existing_state=STATE_STANDBY
2018-01-26 12:32:19.064967 7fcbd690b700  0 -- 10.93.100.1:6810/1249245 >> 10.93.100.4:6800/205503 conn(0x55dfe700c800 :6810 s=STATE_ACCEPTING_WAIT_CONNECT_MSG_AUTH pgs=0 cs=0 l=0).handle_connect_msg accept connect_seq 1736 vs existing csq=1735 existing_state=STATE_STANDBY
2018-01-26 12:32:19.275809 7fcbd710c700  0 -- 10.93.100.1:6810/1249245 >> 10.93.100.4:6824/2218244 conn(0x55dfdef09000 :6810 s=STATE_ACCEPTING_WAIT_CONNECT_MSG_AUTH pgs=0 cs=0 l=0).handle_connect_msg accept connect_seq 1279 vs existing csq=1279 existing_state=STATE_STANDBY
2018-01-26 12:32:19.276053 7fcbd710c700  0 -- 10.93.100.1:6810/1249245 >> 10.93.100.4:6824/2218244 conn(0x55dfdef09000 :6810 s=STATE_ACCEPTING_WAIT_CONNECT_MSG_AUTH pgs=0 cs=0 l=0).handle_connect_msg accept connect_seq 1280 vs existing csq=1279 existing_state=STATE_STANDBY
2018-01-26 12:32:19.756151 7fcbd710c700  0 -- 10.93.100.1:6810/1249245 >> 10.93.100.3:6800/208071 conn(0x55dff20a2800 :6810 s=STATE_ACCEPTING_WAIT_CONNECT_MSG_AUTH pgs=0 cs=0 l=0).handle_connect_msg accept connect_seq 1219 vs existing csq=1219 existing_state=STATE_STANDBY
2018-01-26 12:32:19.756532 7fcbd710c700  0 -- 10.93.100.1:6810/1249245 >> 10.93.100.3:6800/208071 conn(0x55dff20a2800 :6810 s=STATE_ACCEPTING_WAIT_CONNECT_MSG_AUTH pgs=0 cs=0 l=0).handle_connect_msg accept connect_seq 1220 vs existing csq=1219 existing_state=STATE_STANDBY
2018-01-26 12:42:34.367996 7fcbb01af700  0 log_channel(cluster) log [INF] : 10.249 scrub starts
2018-01-26 12:43:47.487000 7fcbb01af700  0 log_channel(cluster) log [INF] : 10.249 scrub ok
2018-01-26 12:46:51.814683 7fcbd610a700  0 -- 10.93.100.1:6810/1249245 >> 10.93.100.4:6816/215281 conn(0x55dffd337000 :6810 s=STATE_ACCEPTING_WAIT_CONNECT_MSG_AUTH pgs=0 cs=0 l=0).handle_connect_msg accept connect_seq 1783 vs existing csq=1783 existing_state=STATE_STANDBY
2018-01-26 12:46:51.815020 7fcbd610a700  0 -- 10.93.100.1:6810/1249245 >> 10.93.100.4:6816/215281 conn(0x55dffd337000 :6810 s=STATE_ACCEPTING_WAIT_CONNECT_MSG_AUTH pgs=0 cs=0 l=0).handle_connect_msg accept connect_seq 1784 vs existing csq=1783 existing_state=STATE_STANDBY
2018-01-26 12:49:24.880360 7fcbd610a700  0 -- 10.93.100.1:6810/1249245 >> 10.93.100.2:6800/1358075 conn(0x55dfe700b000 :6810 s=STATE_OPEN pgs=40732 cs=177 l=0).fault with nothing to send, going to standby
2018-01-26 12:49:28.421487 7fcbaf1ad700  0 log_channel(cluster) log [INF] : 3.34 scrub starts
2018-01-26 12:49:28.422451 7fcbac9a8700  0 log_channel(cluster) log [INF] : 3.34 scrub ok
2018-01-26 12:58:12.953601 7fcbd690b700  0 -- 10.93.100.1:6810/1249245 >> 10.93.100.3:6820/220798 conn(0x55dfde710800 :6810 s=STATE_OPEN pgs=35721 cs=1777 l=0).fault with nothing to send, going to standby
2018-01-26 13:01:51.856884 7fcbd690b700  0 -- 10.93.100.1:6810/1249245 >> 10.93.100.4:6810/211184 conn(0x55dfe1ead000 :-1 s=STATE_OPEN pgs=33390 cs=1505 l=0).fault with nothing to send, going to standby
2018-01-26 13:02:15.348320 7fcbd710c700  0 -- 10.93.100.1:6810/1249245 >> 10.93.100.4:6804/207607 conn(0x55dfdfcc1800 :-1 s=STATE_OPEN pgs=33813 cs=1335 l=0).fault with nothing to send, going to standby
2018-01-26 13:02:16.965667 7fcbd690b700  0 -- 10.93.100.1:6810/1249245 >> 10.93.100.3:6824/224017 conn(0x55dfe1b4a800 :-1 s=STATE_OPEN pgs=34559 cs=1395 l=0).fault with nothing to send, going to standby
2018-01-26 13:02:18.674196 7fcbd690b700  0 -- 10.93.100.1:6810/1249245 >> 10.93.100.3:6812/215022 conn(0x55dfdfcc0000 :-1 s=STATE_OPEN pgs=30277 cs=1266 l=0).fault with nothing to send, going to standby
2018-01-26 13:02:19.064987 7fcbd690b700  0 -- 10.93.100.1:6810/1249245 >> 10.93.100.4:6800/205503 conn(0x55dfe1eae800 :-1 s=STATE_OPEN pgs=35223 cs=1737 l=0).fault with nothing to send, going to standby
2018-01-26 13:02:19.277970 7fcbd710c700  0 -- 10.93.100.1:6810/1249245 >> 10.93.100.4:6824/2218244 conn(0x55dff4ebd000 :6810 s=STATE_OPEN pgs=37216 cs=1281 l=0).fault with nothing to send, going to standby
2018-01-26 13:02:19.338031 7fcbd690b700  0 -- 10.93.100.1:6810/1249245 >> 10.93.100.3:6818/219268 conn(0x55dfe263f000 :-1 s=STATE_OPEN pgs=32306 cs=1691 l=0).fault with nothing to send, going to standby
2018-01-26 13:02:19.757575 7fcbd710c700  0 -- 10.93.100.1:6810/1249245 >> 10.93.100.3:6800/208071 conn(0x55dfe1738800 :6810 s=STATE_OPEN pgs=33000 cs=1221 l=0).fault with nothing to send, going to standby
2018-01-26 13:02:25.972740 7fcbd610a700  0 -- 10.93.100.1:6810/1249245 >> 10.93.100.3:6820/220798 conn(0x55dfe9841800 :6810 s=STATE_ACCEPTING_WAIT_CONNECT_MSG_AUTH pgs=0 cs=0 l=0).handle_connect_msg accept connect_seq 1777 vs existing csq=1777 existing_state=STATE_STANDBY
2018-01-26 13:02:25.972994 7fcbd610a700  0 -- 10.93.100.1:6810/1249245 >> 10.93.100.3:6820/220798 conn(0x55dfe9841800 :6810 s=STATE_ACCEPTING_WAIT_CONNECT_MSG_AUTH pgs=0 cs=0 l=0).handle_connect_msg accept connect_seq 1778 vs existing csq=1777 existing_state=STATE_STANDBY
2018-01-26 13:02:26.977861 7fcbd610a700  0 -- 10.93.100.1:6810/1249245 >> 10.93.100.2:6800/1358075 conn(0x55dff62f1000 :6810 s=STATE_ACCEPTING_WAIT_CONNECT_MSG_AUTH pgs=0 cs=0 l=0).handle_connect_msg accept connect_seq 177 vs existing csq=177 existing_state=STATE_STANDBY
2018-01-26 13:02:26.978146 7fcbd610a700  0 -- 10.93.100.1:6810/1249245 >> 10.93.100.2:6800/1358075 conn(0x55dff62f1000 :6810 s=STATE_ACCEPTING_WAIT_CONNECT_MSG_AUTH pgs=0 cs=0 l=0).handle_connect_msg accept connect_seq 178 vs existing csq=177 existing_state=STATE_STANDBY
2018-01-26 13:04:25.964922 7fcbd690b700  0 -- 10.93.100.1:6810/1249245 >> 10.93.100.2:6829/1354570 conn(0x55dffd54b000 :6810 s=STATE_OPEN pgs=27552 cs=283 l=0).fault with nothing to send, going to standby
2018-01-26 13:04:28.424843 7fcbd710c700  0 -- 10.93.100.1:6810/1249245 >> 10.93.100.3:6806/211308 conn(0x55dfde70d800 :6810 s=STATE_OPEN pgs=28922 cs=1357 l=0).fault with nothing to send, going to standby
2018-01-26 13:07:24.754235 7fcbd710c700  0 -- 10.93.100.1:6810/1249245 >> 10.93.100.3:6802/209116 conn(0x55dfe0982000 :-1 s=STATE_OPEN pgs=36314 cs=1743 l=0).fault with nothing to send, going to standby
2018-01-26 13:07:25.700871 7fcbd610a700  0 -- 10.93.100.1:6810/1249245 >> 10.93.100.2:6821/365066 conn(0x55dfe20e1000 :6810 s=STATE_OPEN pgs=30817 cs=1855 l=0).fault with nothing to send, going to standby
2018-01-26 13:07:25.794592 7fcbd710c700  0 -- 10.93.100.1:6810/1249245 >> 10.93.100.2:6821/365066 conn(0x55dfe218b800 :6810 s=STATE_ACCEPTING_WAIT_CONNECT_MSG_AUTH pgs=0 cs=0 l=0).handle_connect_msg accept connect_seq 1855 vs existing csq=1855 existing_state=STATE_STANDBY
2018-01-26 13:07:25.794891 7fcbd710c700  0 -- 10.93.100.1:6810/1249245 >> 10.93.100.2:6821/365066 conn(0x55dfe218b800 :6810 s=STATE_ACCEPTING_WAIT_CONNECT_MSG_AUTH pgs=0 cs=0 l=0).handle_connect_msg accept connect_seq 1856 vs existing csq=1855 existing_state=STATE_STANDBY
2018-01-26 13:07:26.417694 7fcbd610a700  0 -- 10.93.100.1:6810/1249245 >> 10.93.100.2:6829/1354570 conn(0x55dfde834000 :6810 s=STATE_ACCEPTING_WAIT_CONNECT_MSG_AUTH pgs=0 cs=0 l=0).handle_connect_msg accept connect_seq 283 vs existing csq=283 existing_state=STATE_STANDBY
2018-01-26 13:07:26.417937 7fcbd610a700  0 -- 10.93.100.1:6810/1249245 >> 10.93.100.2:6829/1354570 conn(0x55dfde834000 :6810 s=STATE_ACCEPTING_WAIT_CONNECT_MSG_AUTH pgs=0 cs=0 l=0).handle_connect_msg accept connect_seq 284 vs existing csq=283 existing_state=STATE_STANDBY
2018-01-26 13:11:15.481171 7fcbd690b700  0 -- 10.93.100.1:6810/1249245 >> 10.93.100.3:6812/215022 conn(0x55dff511b000 :6810 s=STATE_ACCEPTING_WAIT_CONNECT_MSG_AUTH pgs=0 cs=0 l=0).handle_connect_msg accept connect_seq 1266 vs existing csq=1266 existing_state=STATE_STANDBY
2018-01-26 13:11:15.481539 7fcbd690b700  0 -- 10.93.100.1:6810/1249245 >> 10.93.100.3:6812/215022 conn(0x55dff511b000 :6810 s=STATE_ACCEPTING_WAIT_CONNECT_MSG_AUTH pgs=0 cs=0 l=0).handle_connect_msg accept connect_seq 1267 vs existing csq=1266 existing_state=STATE_STANDBY
2018-01-26 13:12:34.368519 7fcbd710c700  0 -- 10.93.100.1:6810/1249245 >> 10.93.100.4:6802/206532 conn(0x55dfde71e000 :6810 s=STATE_OPEN pgs=27782 cs=1361 l=0).fault with nothing to send, going to standby
2018-01-26 13:16:51.816757 7fcbd610a700  0 -- 10.93.100.1:6810/1249245 >> 10.93.100.4:6816/215281 conn(0x55dfe1eaa000 :-1 s=STATE_OPEN pgs=34232 cs=1785 l=0).fault with nothing to send, going to standby
2018-01-26 13:17:25.395474 7fcbd610a700  0 -- 10.93.100.1:6810/1249245 >> 10.93.100.3:6806/211308 conn(0x55dff62ef800 :6810 s=STATE_ACCEPTING_WAIT_CONNECT_MSG_AUTH pgs=0 cs=0 l=0).handle_connect_msg accept connect_seq 1357 vs existing csq=1357 existing_state=STATE_STANDBY
2018-01-26 13:17:25.395979 7fcbd610a700  0 -- 10.93.100.1:6810/1249245 >> 10.93.100.3:6806/211308 conn(0x55dff62ef800 :6810 s=STATE_ACCEPTING_WAIT_CONNECT_MSG_AUTH pgs=0 cs=0 l=0).handle_connect_msg accept connect_seq 1358 vs existing csq=1357 existing_state=STATE_STANDBY
2018-01-26 13:17:26.950035 7fcbd690b700  0 -- 10.93.100.1:6810/1249245 >> 10.93.100.3:6804/210170 conn(0x55dfe2955000 :6810 s=STATE_OPEN pgs=45345 cs=1633 l=0).fault with nothing to send, going to standby
2018-01-26 13:17:26.983498 7fcbd610a700  0 -- 10.93.100.1:6810/1249245 >> 10.93.100.2:6800/1358075 conn(0x55dfe700b000 :6810 s=STATE_OPEN pgs=40761 cs=179 l=0).fault with nothing to send, going to standby
2018-01-26 13:20:40.199639 7fcbd710c700  0 -- 10.93.100.1:6810/1249245 >> 10.93.100.3:6816/217802 conn(0x55dff4e8c000 :6810 s=STATE_ACCEPTING_WAIT_CONNECT_MSG_AUTH pgs=0 cs=0 l=0).handle_connect_msg accept connect_seq 1823 vs existing csq=1823 existing_state=STATE_STANDBY
2018-01-26 13:20:40.199896 7fcbd710c700  0 -- 10.93.100.1:6810/1249245 >> 10.93.100.3:6816/217802 conn(0x55dff4e8c000 :6810 s=STATE_ACCEPTING_WAIT_CONNECT_MSG_AUTH pgs=0 cs=0 l=0).handle_connect_msg accept connect_seq 1824 vs existing csq=1823 existing_state=STATE_STANDBY
2018-01-26 13:22:26.421350 7fcbd610a700  0 -- 10.93.100.1:6810/1249245 >> 10.93.100.2:6829/1354570 conn(0x55dffd54b000 :6810 s=STATE_OPEN pgs=27577 cs=285 l=0).fault with nothing to send, going to standby
2018-01-26 13:32:25.976788 7fcbd610a700  0 -- 10.93.100.1:6810/1249245 >> 10.93.100.3:6820/220798 conn(0x55dfde710800 :6810 s=STATE_OPEN pgs=35738 cs=1779 l=0).fault with nothing to send, going to standby
2018-01-26 13:32:53.753368 7fcbaf1ad700  0 log_channel(cluster) log [INF] : 3.309 scrub starts
2018-01-26 13:32:53.805642 7fcbaf1ad700  0 log_channel(cluster) log [INF] : 3.309 scrub ok
2018-01-26 13:37:24.230072 7fcbd690b700  0 -- 10.93.100.1:6810/1249245 >> 10.93.100.3:6824/224017 conn(0x55dfe1b49000 :6810 s=STATE_ACCEPTING_WAIT_CONNECT_MSG_AUTH pgs=0 cs=0 l=0).handle_connect_msg accept connect_seq 1395 vs existing csq=1395 existing_state=STATE_STANDBY
2018-01-26 13:37:24.230344 7fcbd690b700  0 -- 10.93.100.1:6810/1249245 >> 10.93.100.3:6824/224017 conn(0x55dfe1b49000 :6810 s=STATE_ACCEPTING_WAIT_CONNECT_MSG_AUTH pgs=0 cs=0 l=0).handle_connect_msg accept connect_seq 1396 vs existing csq=1395 existing_state=STATE_STANDBY
2018-01-26 13:37:25.797936 7fcbd710c700  0 -- 10.93.100.1:6810/1249245 >> 10.93.100.2:6821/365066 conn(0x55dfe20e1000 :6810 s=STATE_OPEN pgs=30843 cs=1857 l=0).fault with nothing to send, going to standby
2018-01-26 13:41:15.486010 7fcbd690b700  0 -- 10.93.100.1:6810/1249245 >> 10.93.100.3:6812/215022 conn(0x55dfdfcc0000 :-1 s=STATE_OPEN pgs=30289 cs=1268 l=0).fault with nothing to send, going to standby
2018-01-26 13:47:24.272328 7fcbd710c700  0 -- 10.93.100.1:6810/1249245 >> 10.93.100.4:6824/2218244 conn(0x55dfe1e7d800 :6810 s=STATE_ACCEPTING_WAIT_CONNECT_MSG_AUTH pgs=0 cs=0 l=0).handle_connect_msg accept connect_seq 1281 vs existing csq=1281 existing_state=STATE_STANDBY
2018-01-26 13:47:24.272730 7fcbd710c700  0 -- 10.93.100.1:6810/1249245 >> 10.93.100.4:6824/2218244 conn(0x55dfe1e7d800 :6810 s=STATE_ACCEPTING_WAIT_CONNECT_MSG_AUTH pgs=0 cs=0 l=0).handle_connect_msg accept connect_seq 1282 vs existing csq=1281 existing_state=STATE_STANDBY
2018-01-26 13:47:24.681260 7fcbd710c700  0 -- 10.93.100.1:6810/1249245 >> 10.93.100.2:6821/365066 conn(0x55dfead93800 :6810 s=STATE_ACCEPTING_WAIT_CONNECT_MSG_AUTH pgs=0 cs=0 l=0).handle_connect_msg accept connect_seq 1857 vs existing csq=1857 existing_state=STATE_STANDBY
2018-01-26 13:47:24.681584 7fcbd710c700  0 -- 10.93.100.1:6810/1249245 >> 10.93.100.2:6821/365066 conn(0x55dfead93800 :6810 s=STATE_ACCEPTING_WAIT_CONNECT_MSG_AUTH pgs=0 cs=0 l=0).handle_connect_msg accept connect_seq 1858 vs existing csq=1857 existing_state=STATE_STANDBY
2018-01-26 13:47:25.399134 7fcbd610a700  0 -- 10.93.100.1:6810/1249245 >> 10.93.100.3:6806/211308 conn(0x55dfde70d800 :6810 s=STATE_OPEN pgs=28932 cs=1359 l=0).fault with nothing to send, going to standby
2018-01-26 13:47:27.015092 7fcbd610a700  0 -- 10.93.100.1:6810/1249245 >> 10.93.100.3:6820/220798 conn(0x55dfe19cb000 :6810 s=STATE_ACCEPTING_WAIT_CONNECT_MSG_AUTH pgs=0 cs=0 l=0).handle_connect_msg accept connect_seq 1779 vs existing csq=1779 existing_state=STATE_STANDBY
2018-01-26 13:47:27.015406 7fcbd610a700  0 -- 10.93.100.1:6810/1249245 >> 10.93.100.3:6820/220798 conn(0x55dfe19cb000 :6810 s=STATE_ACCEPTING_WAIT_CONNECT_MSG_AUTH pgs=0 cs=0 l=0).handle_connect_msg accept connect_seq 1780 vs existing csq=1779 existing_state=STATE_STANDBY
2018-01-26 13:49:24.133633 7fcbd610a700  0 -- 10.93.100.1:6810/1249245 >> 10.93.100.3:6806/211308 conn(0x55dfe1ec9000 :6810 s=STATE_ACCEPTING_WAIT_CONNECT_MSG_AUTH pgs=0 cs=0 l=0).handle_connect_msg accept connect_seq 1359 vs existing csq=1359 existing_state=STATE_STANDBY
2018-01-26 13:49:24.133900 7fcbd610a700  0 -- 10.93.100.1:6810/1249245 >> 10.93.100.3:6806/211308 conn(0x55dfe1ec9000 :6810 s=STATE_ACCEPTING_WAIT_CONNECT_MSG_AUTH pgs=0 cs=0 l=0).handle_connect_msg accept connect_seq 1360 vs existing csq=1359 existing_state=STATE_STANDBY
2018-01-26 10:30:01.164189 7f97f60d9700 -1 received  signal: Hangup from  PID: 2350909 task name: killall -q -1 ceph-mon ceph-mds ceph-osd ceph-fuse radosgw  UID: 0
2018-01-26 10:30:03.690722 7f9826048700  0 -- 10.93.100.1:6808/1249241 >> 10.93.100.3:6802/209116 conn(0x5593693f1000 :6808 s=STATE_ACCEPTING_WAIT_CONNECT_MSG_AUTH pgs=0 cs=0 l=0).handle_connect_msg accept connect_seq 863 vs existing csq=863 existing_state=STATE_STANDBY
2018-01-26 10:30:03.690954 7f9826048700  0 -- 10.93.100.1:6808/1249241 >> 10.93.100.3:6802/209116 conn(0x5593693f1000 :6808 s=STATE_ACCEPTING_WAIT_CONNECT_MSG_AUTH pgs=0 cs=0 l=0).handle_connect_msg accept connect_seq 864 vs existing csq=863 existing_state=STATE_STANDBY
2018-01-26 10:30:03.722846 7f9826048700  0 -- 10.93.100.1:6808/1249241 >> 10.93.100.3:6804/210170 conn(0x5593863cc000 :6808 s=STATE_ACCEPTING_WAIT_CONNECT_MSG_AUTH pgs=0 cs=0 l=0).handle_connect_msg accept connect_seq 4009 vs existing csq=4009 existing_state=STATE_STANDBY
2018-01-26 10:30:03.723068 7f9826048700  0 -- 10.93.100.1:6808/1249241 >> 10.93.100.3:6804/210170 conn(0x5593863cc000 :6808 s=STATE_ACCEPTING_WAIT_CONNECT_MSG_AUTH pgs=0 cs=0 l=0).handle_connect_msg accept connect_seq 4010 vs existing csq=4009 existing_state=STATE_STANDBY
2018-01-26 10:30:04.079824 7f9826849700  0 -- 10.93.100.1:6808/1249241 >> 10.93.100.2:6803/353482 conn(0x559375800800 :6808 s=STATE_ACCEPTING_WAIT_CONNECT_MSG_AUTH pgs=0 cs=0 l=0).handle_connect_msg accept connect_seq 991 vs existing csq=991 existing_state=STATE_STANDBY
2018-01-26 10:30:04.080118 7f9826849700  0 -- 10.93.100.1:6808/1249241 >> 10.93.100.2:6803/353482 conn(0x559375800800 :6808 s=STATE_ACCEPTING_WAIT_CONNECT_MSG_AUTH pgs=0 cs=0 l=0).handle_connect_msg accept connect_seq 992 vs existing csq=991 existing_state=STATE_STANDBY
2018-01-26 10:30:38.072052 7f97f58d8700  1 leveldb: Compacting 1@2 + 5@3 files
2018-01-26 10:30:38.119782 7f97f58d8700  1 leveldb: Generated table #171712: 41169 keys, 2146894 bytes
2018-01-26 10:30:38.150864 7f97f58d8700  1 leveldb: Generated table #171713: 17791 keys, 2121284 bytes
2018-01-26 10:30:38.194858 7f97f58d8700  1 leveldb: Generated table #171714: 17804 keys, 2122205 bytes
2018-01-26 10:30:38.220183 7f97f58d8700  1 leveldb: Generated table #171715: 17809 keys, 2122590 bytes
2018-01-26 10:30:38.294350 7f97f58d8700  1 leveldb: Generated table #171716: 145289 keys, 2131499 bytes
2018-01-26 10:30:38.303620 7f97f58d8700  1 leveldb: Generated table #171717: 17890 keys, 224491 bytes
2018-01-26 10:30:38.303632 7f97f58d8700  1 leveldb: Compacted 1@2 + 5@3 files => 10868963 bytes
2018-01-26 10:30:38.303982 7f97f58d8700  1 leveldb: compacted to: files[ 0 0 44 441 0 0 0 ]
2018-01-26 10:30:38.304414 7f97f58d8700  1 leveldb: Delete type=2 #171617

2018-01-26 10:30:38.304951 7f97f58d8700  1 leveldb: Delete type=2 #171616

2018-01-26 10:30:38.330640 7f97f58d8700  1 leveldb: Delete type=2 #171618

2018-01-26 10:30:38.331142 7f97f58d8700  1 leveldb: Delete type=2 #171620

2018-01-26 10:30:38.331605 7f97f58d8700  1 leveldb: Delete type=2 #171619

2018-01-26 10:30:38.340545 7f97f58d8700  1 leveldb: Delete type=2 #171638

2018-01-26 10:32:16.693278 7f9826849700  0 -- 10.93.100.1:6808/1249241 >> 10.93.100.3:6816/217802 conn(0x559367435800 :-1 s=STATE_OPEN pgs=43139 cs=2139 l=0).fault with nothing to send, going to standby
2018-01-26 10:32:16.742615 7f9826048700  0 -- 10.93.100.1:6808/1249241 >> 10.93.100.3:6808/212495 conn(0x559369d83000 :-1 s=STATE_OPEN pgs=28338 cs=1365 l=0).fault with nothing to send, going to standby
2018-01-26 10:32:28.073937 7f982704a700  0 -- 10.93.100.1:6808/1249241 >> 10.93.100.3:6820/220798 conn(0x559369734000 :6808 s=STATE_OPEN pgs=35663 cs=1333 l=0).fault with nothing to send, going to standby
2018-01-26 10:34:21.962964 7f97fd8e8700  0 log_channel(cluster) log [INF] : 10.41 scrub ok
2018-01-26 10:34:22.243634 7f97ff0eb700  0 log_channel(cluster) log [INF] : 10.183 scrub starts
2018-01-26 10:35:37.811387 7f97ff0eb700  0 log_channel(cluster) log [INF] : 10.183 scrub ok
2018-01-26 10:35:42.253575 7f97ff8ec700  0 log_channel(cluster) log [INF] : 1.29 deep-scrub starts
2018-01-26 10:35:42.255179 7f97fd0e7700  0 log_channel(cluster) log [INF] : 1.29 deep-scrub ok
2018-01-26 10:37:25.017416 7f9826849700  0 -- 10.93.100.1:6808/1249241 >> 10.93.100.3:6810/213752 conn(0x559368296800 :6808 s=STATE_OPEN pgs=28045 cs=1563 l=0).fault with nothing to send, going to standby
2018-01-26 10:37:30.290944 7f982704a700  0 -- 10.93.100.1:6808/1249241 >> 10.93.100.4:6820/8223046 conn(0x55936a62f800 :-1 s=STATE_OPEN pgs=32949 cs=1619 l=0).fault with nothing to send, going to standby
2018-01-26 10:40:56.100366 7f9826849700  0 -- 10.93.100.1:6808/1249241 >> 10.93.100.4:6816/215281 conn(0x559369383000 :6808 s=STATE_ACCEPTING_WAIT_CONNECT_MSG_AUTH pgs=0 cs=0 l=0).handle_connect_msg accept connect_seq 881 vs existing csq=881 existing_state=STATE_STANDBY
2018-01-26 10:40:56.100804 7f9826849700  0 -- 10.93.100.1:6808/1249241 >> 10.93.100.4:6816/215281 conn(0x559369383000 :6808 s=STATE_ACCEPTING_WAIT_CONNECT_MSG_AUTH pgs=0 cs=0 l=0).handle_connect_msg accept connect_seq 882 vs existing csq=881 existing_state=STATE_STANDBY
2018-01-26 10:47:27.213202 7f9826048700  0 -- 10.93.100.1:6808/1249241 >> 10.93.100.4:6828/2213875 conn(0x5593822ce000 :6808 s=STATE_OPEN pgs=29124 cs=1779 l=0).fault with nothing to send, going to standby
2018-01-26 10:47:27.398074 7f9826849700  0 -- 10.93.100.1:6808/1249241 >> 10.93.100.2:6813/359374 conn(0x559367409800 :6808 s=STATE_OPEN pgs=37298 cs=1387 l=0).fault with nothing to send, going to standby
2018-01-26 10:47:27.813361 7f982704a700  0 -- 10.93.100.1:6808/1249241 >> 10.93.100.3:6806/211308 conn(0x559369737000 :6808 s=STATE_OPEN pgs=28863 cs=1085 l=0).fault with nothing to send, going to standby
2018-01-26 10:50:42.253904 7f9826048700  0 -- 10.93.100.1:6808/1249241 >> 10.93.100.4:6818/2216733 conn(0x55936b2a4000 :6808 s=STATE_OPEN pgs=35592 cs=2015 l=0).fault with nothing to send, going to standby
2018-01-26 10:55:56.102294 7f9826849700  0 -- 10.93.100.1:6808/1249241 >> 10.93.100.4:6816/215281 conn(0x5593676e0800 :6808 s=STATE_OPEN pgs=34194 cs=883 l=0).fault with nothing to send, going to standby
2018-01-26 10:57:28.077758 7f9826849700  0 -- 10.93.100.1:6808/1249241 >> 10.93.100.3:6812/215022 conn(0x559369e91000 :6808 s=STATE_OPEN pgs=30231 cs=1717 l=0).fault with nothing to send, going to standby
2018-01-26 11:00:03.693032 7f9826048700  0 -- 10.93.100.1:6808/1249241 >> 10.93.100.3:6802/209116 conn(0x5593676dc000 :6808 s=STATE_OPEN pgs=36254 cs=865 l=0).fault with nothing to send, going to standby
2018-01-26 11:00:03.724959 7f9826048700  0 -- 10.93.100.1:6808/1249241 >> 10.93.100.3:6804/210170 conn(0x559368044800 :6808 s=STATE_OPEN pgs=45263 cs=4011 l=0).fault with nothing to send, going to standby
2018-01-26 11:02:27.638375 7f982704a700  0 -- 10.93.100.1:6808/1249241 >> 10.93.100.2:6809/356849 conn(0x55936a101000 :-1 s=STATE_OPEN pgs=28915 cs=1809 l=0).fault with nothing to send, going to standby
2018-01-26 11:04:22.247036 7f982704a700  0 -- 10.93.100.1:6808/1249241 >> 10.93.100.3:6820/220798 conn(0x559369734000 :6808 s=STATE_OPEN pgs=35684 cs=1335 l=0).fault with nothing to send, going to standby
2018-01-26 11:07:06.711212 7f9826849700  0 -- 10.93.100.1:6808/1249241 >> 10.93.100.2:6807/355664 conn(0x5593735dc000 :6808 s=STATE_ACCEPTING_WAIT_CONNECT_MSG_AUTH pgs=0 cs=0 l=0).handle_connect_msg accept connect_seq 1309 vs existing csq=1309 existing_state=STATE_STANDBY
2018-01-26 11:07:06.711629 7f9826849700  0 -- 10.93.100.1:6808/1249241 >> 10.93.100.2:6807/355664 conn(0x5593735dc000 :6808 s=STATE_ACCEPTING_WAIT_CONNECT_MSG_AUTH pgs=0 cs=0 l=0).handle_connect_msg accept connect_seq 1310 vs existing csq=1309 existing_state=STATE_STANDBY
2018-01-26 11:07:36.188303 7f9826849700  0 -- 10.93.100.1:6808/1249241 >> 10.93.100.3:6824/224017 conn(0x559367437000 :-1 s=STATE_OPEN pgs=34514 cs=1801 l=0).fault with nothing to send, going to standby
2018-01-26 11:08:12.092750 7f9826849700  0 -- 10.93.100.1:6808/1249241 >> 10.93.100.3:6800/208071 conn(0x55936a67e000 :6808 s=STATE_ACCEPTING_WAIT_CONNECT_MSG_AUTH pgs=0 cs=0 l=0).handle_connect_msg accept connect_seq 1357 vs existing csq=1357 existing_state=STATE_STANDBY
2018-01-26 11:08:12.092977 7f9826849700  0 -- 10.93.100.1:6808/1249241 >> 10.93.100.3:6800/208071 conn(0x55936a67e000 :6808 s=STATE_ACCEPTING_WAIT_CONNECT_MSG_AUTH pgs=0 cs=0 l=0).handle_connect_msg accept connect_seq 1358 vs existing csq=1357 existing_state=STATE_STANDBY
2018-01-26 11:08:12.510231 7f9826048700  0 -- 10.93.100.1:6808/1249241 >> 10.93.100.3:6814/216395 conn(0x5593773c0800 :6808 s=STATE_ACCEPTING_WAIT_CONNECT_MSG_AUTH pgs=0 cs=0 l=0).handle_connect_msg accept connect_seq 1707 vs existing csq=1707 existing_state=STATE_STANDBY
2018-01-26 11:08:12.510493 7f9826048700  0 -- 10.93.100.1:6808/1249241 >> 10.93.100.3:6814/216395 conn(0x5593773c0800 :6808 s=STATE_ACCEPTING_WAIT_CONNECT_MSG_AUTH pgs=0 cs=0 l=0).handle_connect_msg accept connect_seq 1708 vs existing csq=1707 existing_state=STATE_STANDBY
2018-01-26 11:10:24.622355 7f9826849700  0 -- 10.93.100.1:6808/1249241 >> 10.93.100.4:6822/219807 conn(0x559369ec2800 :-1 s=STATE_OPEN pgs=32696 cs=1345 l=0).fault with nothing to send, going to standby
2018-01-26 11:11:03.180926 7f982704a700  0 -- 10.93.100.1:6808/1249241 >> 10.93.100.2:6821/365066 conn(0x559369ebe000 :-1 s=STATE_OPEN pgs=30775 cs=1353 l=0).fault with nothing to send, going to standby
2018-01-26 11:14:43.211212 7f982704a700  0 -- 10.93.100.1:6808/1249241 >> 10.93.100.2:6819/363563 conn(0x559369476800 :6808 s=STATE_OPEN pgs=37214 cs=1717 l=0).fault with nothing to send, going to standby
2018-01-26 11:22:06.713581 7f9826849700  0 -- 10.93.100.1:6808/1249241 >> 10.93.100.2:6807/355664 conn(0x5593696ff000 :6808 s=STATE_OPEN pgs=40619 cs=1311 l=0).fault with nothing to send, going to standby
2018-01-26 11:23:12.092770 7f9826849700  0 -- 10.93.100.1:6808/1249241 >> 10.93.100.3:6800/208071 conn(0x559369ea3800 :-1 s=STATE_OPEN pgs=32968 cs=1359 l=0).fault with nothing to send, going to standby
2018-01-26 11:24:35.640428 7f97fd8e8700  0 log_channel(cluster) log [INF] : 3.25d scrub starts
2018-01-26 11:24:35.641629 7f98000ed700  0 log_channel(cluster) log [INF] : 3.25d scrub ok
2018-01-26 11:30:03.831295 7f9826849700  0 -- 10.93.100.1:6808/1249241 >> 10.93.100.3:6804/210170 conn(0x55938060c000 :6808 s=STATE_ACCEPTING_WAIT_CONNECT_MSG_AUTH pgs=0 cs=0 l=0).handle_connect_msg accept connect_seq 4011 vs existing csq=4011 existing_state=STATE_STANDBY
2018-01-26 11:30:03.831585 7f9826849700  0 -- 10.93.100.1:6808/1249241 >> 10.93.100.3:6804/210170 conn(0x55938060c000 :6808 s=STATE_ACCEPTING_WAIT_CONNECT_MSG_AUTH pgs=0 cs=0 l=0).handle_connect_msg accept connect_seq 4012 vs existing csq=4011 existing_state=STATE_STANDBY
2018-01-26 11:32:16.866450 7f9826048700  0 -- 10.93.100.1:6808/1249241 >> 10.93.100.4:6828/2213875 conn(0x559375800800 :6808 s=STATE_ACCEPTING_WAIT_CONNECT_MSG_AUTH pgs=0 cs=0 l=0).handle_connect_msg accept connect_seq 1779 vs existing csq=1779 existing_state=STATE_STANDBY
2018-01-26 11:32:16.867435 7f9826048700  0 -- 10.93.100.1:6808/1249241 >> 10.93.100.4:6828/2213875 conn(0x559375800800 :6808 s=STATE_ACCEPTING_WAIT_CONNECT_MSG_AUTH pgs=0 cs=0 l=0).handle_connect_msg accept connect_seq 1780 vs existing csq=1779 existing_state=STATE_STANDBY
2018-01-26 11:32:18.008855 7f9826849700  0 -- 10.93.100.1:6808/1249241 >> 10.93.100.3:6816/217802 conn(0x559367435800 :-1 s=STATE_OPEN pgs=43165 cs=2141 l=0).fault with nothing to send, going to standby
2018-01-26 11:38:09.926759 7f9826048700  0 -- 10.93.100.1:6808/1249241 >> 10.93.100.4:6818/2216733 conn(0x55936b2a4000 :6808 s=STATE_OPEN pgs=35609 cs=2017 l=0).fault with nothing to send, going to standby
2018-01-26 11:38:10.289990 7f9826849700  0 -- 10.93.100.1:6808/1249241 >> 10.93.100.3:6824/224017 conn(0x559367437000 :-1 s=STATE_OPEN pgs=34526 cs=1803 l=0).fault with nothing to send, going to standby
2018-01-26 11:38:10.845726 7f9826849700  0 -- 10.93.100.1:6808/1249241 >> 10.93.100.3:6818/219268 conn(0x559367789000 :-1 s=STATE_OPEN pgs=32276 cs=1577 l=0).fault with nothing to send, going to standby
2018-01-26 11:38:11.275256 7f9826849700  0 -- 10.93.100.1:6808/1249241 >> 10.93.100.3:6812/215022 conn(0x559369e91000 :6808 s=STATE_OPEN pgs=30248 cs=1719 l=0).fault with nothing to send, going to standby
2018-01-26 11:38:12.432397 7f982704a700  0 -- 10.93.100.1:6808/1249241 >> 10.93.100.3:6820/220798 conn(0x559369734000 :6808 s=STATE_OPEN pgs=35697 cs=1337 l=0).fault with nothing to send, going to standby
2018-01-26 11:38:12.510954 7f9826048700  0 -- 10.93.100.1:6808/1249241 >> 10.93.100.3:6814/216395 conn(0x55936896e000 :6808 s=STATE_OPEN pgs=34726 cs=1709 l=0).fault with nothing to send, going to standby
2018-01-26 11:40:24.694133 7f9826849700  0 -- 10.93.100.1:6808/1249241 >> 10.93.100.4:6802/206532 conn(0x559368040000 :6808 s=STATE_OPEN pgs=27737 cs=1538 l=0).fault with nothing to send, going to standby
2018-01-26 11:45:04.086616 7f9826849700  0 -- 10.93.100.1:6808/1249241 >> 10.93.100.2:6803/353482 conn(0x559369d84800 :-1 s=STATE_OPEN pgs=35483 cs=993 l=0).fault with nothing to send, going to standby
2018-01-26 11:45:32.800083 7f97ff0eb700  0 log_channel(cluster) log [INF] : 3.2 deep-scrub starts
2018-01-26 11:45:32.801266 7f97ff0eb700  0 log_channel(cluster) log [INF] : 3.2 deep-scrub ok
2018-01-26 11:47:16.849371 7f9826048700  0 -- 10.93.100.1:6808/1249241 >> 10.93.100.3:6808/212495 conn(0x5593693f1000 :6808 s=STATE_ACCEPTING_WAIT_CONNECT_MSG_AUTH pgs=0 cs=0 l=0).handle_connect_msg accept connect_seq 1365 vs existing csq=1365 existing_state=STATE_STANDBY
2018-01-26 11:47:16.849754 7f9826048700  0 -- 10.93.100.1:6808/1249241 >> 10.93.100.3:6808/212495 conn(0x5593693f1000 :6808 s=STATE_ACCEPTING_WAIT_CONNECT_MSG_AUTH pgs=0 cs=0 l=0).handle_connect_msg accept connect_seq 1366 vs existing csq=1365 existing_state=STATE_STANDBY
2018-01-26 11:47:33.280521 7f9826048700  0 -- 10.93.100.1:6808/1249241 >> 10.93.100.3:6814/216395 conn(0x55936daf6000 :6808 s=STATE_ACCEPTING_WAIT_CONNECT_MSG_AUTH pgs=0 cs=0 l=0).handle_connect_msg accept connect_seq 1709 vs existing csq=1709 existing_state=STATE_STANDBY
2018-01-26 11:47:33.280909 7f9826048700  0 -- 10.93.100.1:6808/1249241 >> 10.93.100.3:6814/216395 conn(0x55936daf6000 :6808 s=STATE_ACCEPTING_WAIT_CONNECT_MSG_AUTH pgs=0 cs=0 l=0).handle_connect_msg accept connect_seq 1710 vs existing csq=1709 existing_state=STATE_STANDBY
2018-01-26 11:50:04.203736 7f9826048700  0 -- 10.93.100.1:6808/1249241 >> 10.93.100.2:6803/353482 conn(0x55937e636800 :6808 s=STATE_ACCEPTING_WAIT_CONNECT_MSG_AUTH pgs=0 cs=0 l=0).handle_connect_msg accept connect_seq 993 vs existing csq=993 existing_state=STATE_STANDBY
2018-01-26 11:50:04.204092 7f9826048700  0 -- 10.93.100.1:6808/1249241 >> 10.93.100.2:6803/353482 conn(0x55937e636800 :6808 s=STATE_ACCEPTING_WAIT_CONNECT_MSG_AUTH pgs=0 cs=0 l=0).handle_connect_msg accept connect_seq 994 vs existing csq=993 existing_state=STATE_STANDBY
2018-01-26 11:54:35.636960 7f9826849700  0 -- 10.93.100.1:6808/1249241 >> 10.93.100.3:6826/225659 conn(0x559368d34000 :6808 s=STATE_OPEN pgs=29218 cs=231 l=0).fault with nothing to send, going to standby
2018-01-26 11:59:25.012418 7f9826849700  0 -- 10.93.100.1:6808/1249241 >> 10.93.100.4:6822/219807 conn(0x559369ec2800 :-1 s=STATE_OPEN pgs=32705 cs=1347 l=0).fault with nothing to send, going to standby
2018-01-26 12:00:03.830355 7f9826849700  0 -- 10.93.100.1:6808/1249241 >> 10.93.100.3:6804/210170 conn(0x559368044800 :6808 s=STATE_OPEN pgs=45297 cs=4013 l=0).fault with nothing to send, going to standby
2018-01-26 12:02:16.868874 7f9826048700  0 -- 10.93.100.1:6808/1249241 >> 10.93.100.4:6828/2213875 conn(0x5593822ce000 :6808 s=STATE_OPEN pgs=29154 cs=1781 l=0).fault with nothing to send, going to standby
2018-01-26 12:02:17.076335 7f982704a700  0 -- 10.93.100.1:6808/1249241 >> 10.93.100.2:6809/356849 conn(0x55936a101000 :-1 s=STATE_OPEN pgs=28937 cs=1811 l=0).fault with nothing to send, going to standby
2018-01-26 12:05:04.206573 7f9826048700  0 -- 10.93.100.1:6808/1249241 >> 10.93.100.2:6803/353482 conn(0x559369d84800 :-1 s=STATE_OPEN pgs=35522 cs=995 l=0).fault with nothing to send, going to standby
2018-01-26 12:07:25.614198 7f9826849700  0 -- 10.93.100.1:6808/1249241 >> 10.93.100.3:6816/217802 conn(0x559367435800 :-1 s=STATE_OPEN pgs=43187 cs=2143 l=0).fault with nothing to send, going to standby
2018-01-26 12:07:25.614245 7f9826849700  0 -- 10.93.100.1:6808/1249241 >> 10.93.100.2:6813/359374 conn(0x559367409800 :6808 s=STATE_OPEN pgs=37331 cs=1389 l=0).fault with nothing to send, going to standby
2018-01-26 12:17:16.085626 7f9826849700  0 -- 10.93.100.1:6808/1249241 >> 10.93.100.4:6802/206532 conn(0x559368040000 :6808 s=STATE_OPEN pgs=27762 cs=1540 l=0).fault with nothing to send, going to standby
2018-01-26 12:17:16.848657 7f9826048700  0 -- 10.93.100.1:6808/1249241 >> 10.93.100.3:6808/212495 conn(0x559369d83000 :-1 s=STATE_OPEN pgs=28374 cs=1367 l=0).fault with nothing to send, going to standby
2018-01-26 12:17:33.280919 7f9826048700  0 -- 10.93.100.1:6808/1249241 >> 10.93.100.3:6814/216395 conn(0x55936896e000 :6808 s=STATE_OPEN pgs=34745 cs=1711 l=0).fault with nothing to send, going to standby
2018-01-26 12:19:24.485054 7f9826849700  0 -- 10.93.100.1:6808/1249241 >> 10.93.100.3:6816/217802 conn(0x5593673ed000 :6808 s=STATE_ACCEPTING_WAIT_CONNECT_MSG_AUTH pgs=0 cs=0 l=0).handle_connect_msg accept connect_seq 2143 vs existing csq=2143 existing_state=STATE_STANDBY
2018-01-26 12:19:24.485284 7f9826849700  0 -- 10.93.100.1:6808/1249241 >> 10.93.100.3:6816/217802 conn(0x5593673ed000 :6808 s=STATE_ACCEPTING_WAIT_CONNECT_MSG_AUTH pgs=0 cs=0 l=0).handle_connect_msg accept connect_seq 2144 vs existing csq=2143 existing_state=STATE_STANDBY
