2018-01-26 10:30:03.695903 7fc28e2f3700  0 -- 10.93.100.1:6820/1249303 >> 10.93.100.4:6822/219807 conn(0x561db5376000 :6820 s=STATE_ACCEPTING_WAIT_CONNECT_MSG_AUTH pgs=0 cs=0 l=0).handle_connect_msg accept connect_seq 1029 vs existing csq=1029 existing_state=STATE_STANDBY
2018-01-26 10:30:03.696128 7fc28e2f3700  0 -- 10.93.100.1:6820/1249303 >> 10.93.100.4:6822/219807 conn(0x561db5376000 :6820 s=STATE_ACCEPTING_WAIT_CONNECT_MSG_AUTH pgs=0 cs=0 l=0).handle_connect_msg accept connect_seq 1030 vs existing csq=1029 existing_state=STATE_STANDBY
2018-01-26 10:30:03.756811 7fc28e2f3700  0 -- 10.93.100.1:6820/1249303 >> 10.93.100.2:6819/363563 conn(0x561db48c2000 :6820 s=STATE_ACCEPTING_WAIT_CONNECT_MSG_AUTH pgs=0 cs=0 l=0).handle_connect_msg accept connect_seq 1269 vs existing csq=1269 existing_state=STATE_STANDBY
2018-01-26 10:30:03.757013 7fc28e2f3700  0 -- 10.93.100.1:6820/1249303 >> 10.93.100.2:6819/363563 conn(0x561db48c2000 :6820 s=STATE_ACCEPTING_WAIT_CONNECT_MSG_AUTH pgs=0 cs=0 l=0).handle_connect_msg accept connect_seq 1270 vs existing csq=1269 existing_state=STATE_STANDBY
2018-01-26 10:32:16.245028 7fc28f2f5700  0 -- 10.93.100.1:6820/1249303 >> 10.93.100.4:6818/2216733 conn(0x561d9a4e9000 :6820 s=STATE_OPEN pgs=35577 cs=1443 l=0).fault with nothing to send, going to standby
2018-01-26 10:38:32.245956 7fc28eaf4700  0 -- 10.93.100.1:6820/1249303 >> 10.93.100.3:6816/217802 conn(0x561d98eeb000 :-1 s=STATE_OPEN pgs=43123 cs=1893 l=0).fault with nothing to send, going to standby
2018-01-26 10:39:24.383492 7fc28e2f3700  0 -- 10.93.100.1:6820/1249303 >> 10.93.100.2:6825/368212 conn(0x561d9917b800 :6820 s=STATE_OPEN pgs=31079 cs=1641 l=0).fault with nothing to send, going to standby
2018-01-26 10:47:16.647473 7fc28eaf4700  0 -- 10.93.100.1:6820/1249303 >> 10.93.100.4:6818/2216733 conn(0x561da202a800 :6820 s=STATE_ACCEPTING_WAIT_CONNECT_MSG_AUTH pgs=0 cs=0 l=0).handle_connect_msg accept connect_seq 1443 vs existing csq=1443 existing_state=STATE_STANDBY
2018-01-26 10:47:16.647740 7fc28eaf4700  0 -- 10.93.100.1:6820/1249303 >> 10.93.100.4:6818/2216733 conn(0x561da202a800 :6820 s=STATE_ACCEPTING_WAIT_CONNECT_MSG_AUTH pgs=0 cs=0 l=0).handle_connect_msg accept connect_seq 1444 vs existing csq=1443 existing_state=STATE_STANDBY
2018-01-26 10:47:25.505871 7fc28e2f3700  0 -- 10.93.100.1:6820/1249303 >> 10.93.100.4:6826/3221427 conn(0x561d99de6800 :6820 s=STATE_OPEN pgs=39977 cs=2027 l=0).fault with nothing to send, going to standby
2018-01-26 10:47:25.850070 7fc28f2f5700  0 -- 10.93.100.1:6820/1249303 >> 10.93.100.2:6821/365066 conn(0x561d96b25000 :-1 s=STATE_OPEN pgs=30770 cs=1483 l=0).fault with nothing to send, going to standby
2018-01-26 10:47:38.845128 7fc28f2f5700  0 -- 10.93.100.1:6820/1249303 >> 10.93.100.2:6823/366582 conn(0x561d9be5e800 :6820 s=STATE_ACCEPTING_WAIT_CONNECT_MSG_AUTH pgs=0 cs=0 l=0).handle_connect_msg accept connect_seq 1591 vs existing csq=1591 existing_state=STATE_STANDBY
2018-01-26 10:47:38.845358 7fc28f2f5700  0 -- 10.93.100.1:6820/1249303 >> 10.93.100.2:6823/366582 conn(0x561d9be5e800 :6820 s=STATE_ACCEPTING_WAIT_CONNECT_MSG_AUTH pgs=0 cs=0 l=0).handle_connect_msg accept connect_seq 1592 vs existing csq=1591 existing_state=STATE_STANDBY
2018-01-26 10:52:30.376979 7fc28f2f5700  0 -- 10.93.100.1:6820/1249303 >> 10.93.100.2:6809/356849 conn(0x561d99dc4000 :-1 s=STATE_OPEN pgs=28909 cs=1853 l=0).fault with nothing to send, going to standby
2018-01-26 10:56:05.565920 7fc264390700  0 log_channel(cluster) log [INF] : 10.1de deep-scrub starts
2018-01-26 11:00:03.698744 7fc28e2f3700  0 -- 10.93.100.1:6820/1249303 >> 10.93.100.4:6822/219807 conn(0x561d96b23800 :-1 s=STATE_OPEN pgs=32685 cs=1031 l=0).fault with nothing to send, going to standby
2018-01-26 11:00:03.757758 7fc28e2f3700  0 -- 10.93.100.1:6820/1249303 >> 10.93.100.2:6819/363563 conn(0x561d96b13000 :-1 s=STATE_OPEN pgs=37219 cs=1271 l=0).fault with nothing to send, going to standby
2018-01-26 11:00:04.074563 7fc28eaf4700  0 -- 10.93.100.1:6820/1249303 >> 10.93.100.2:6813/359374 conn(0x561d96b11800 :-1 s=STATE_OPEN pgs=37302 cs=1639 l=0).fault with nothing to send, going to standby
2018-01-26 11:01:20.194189 7fc28eaf4700  0 -- 10.93.100.1:6820/1249303 >> 10.93.100.3:6826/225659 conn(0x561d9b8cd800 :6820 s=STATE_ACCEPTING_WAIT_CONNECT_MSG_AUTH pgs=0 cs=0 l=0).handle_connect_msg accept connect_seq 1359 vs existing csq=1359 existing_state=STATE_STANDBY
2018-01-26 11:01:20.194397 7fc28eaf4700  0 -- 10.93.100.1:6820/1249303 >> 10.93.100.3:6826/225659 conn(0x561d9b8cd800 :6820 s=STATE_ACCEPTING_WAIT_CONNECT_MSG_AUTH pgs=0 cs=0 l=0).handle_connect_msg accept connect_seq 1360 vs existing csq=1359 existing_state=STATE_STANDBY
2018-01-26 11:01:20.998165 7fc28e2f3700  0 -- 10.93.100.1:6820/1249303 >> 10.93.100.3:6818/219268 conn(0x561d98f4b800 :6820 s=STATE_ACCEPTING_WAIT_CONNECT_MSG_AUTH pgs=0 cs=0 l=0).handle_connect_msg accept connect_seq 1355 vs existing csq=1355 existing_state=STATE_STANDBY
2018-01-26 11:01:20.998524 7fc28e2f3700  0 -- 10.93.100.1:6820/1249303 >> 10.93.100.3:6818/219268 conn(0x561d98f4b800 :6820 s=STATE_ACCEPTING_WAIT_CONNECT_MSG_AUTH pgs=0 cs=0 l=0).handle_connect_msg accept connect_seq 1356 vs existing csq=1355 existing_state=STATE_STANDBY
2018-01-26 11:02:17.574399 7fc28f2f5700  0 -- 10.93.100.1:6820/1249303 >> 10.93.100.4:6800/205503 conn(0x561d997fc800 :6820 s=STATE_OPEN pgs=35169 cs=2053 l=0).fault with nothing to send, going to standby
2018-01-26 11:02:38.745491 7fc28e2f3700  0 -- 10.93.100.1:6820/1249303 >> 10.93.100.4:6826/3221427 conn(0x561d99de6800 :6820 s=STATE_OPEN pgs=40003 cs=2029 l=0).fault with nothing to send, going to standby
2018-01-26 11:03:57.165421 7fc28f2f5700  0 -- 10.93.100.1:6820/1249303 >> 10.93.100.3:6804/210170 conn(0x561d97f78000 :-1 s=STATE_OPEN pgs=45245 cs=1953 l=0).fault with nothing to send, going to standby
2018-01-26 11:08:12.226003 7fc28f2f5700  0 -- 10.93.100.1:6820/1249303 >> 10.93.100.4:6826/3221427 conn(0x561da0dfd000 :6820 s=STATE_ACCEPTING_WAIT_CONNECT_MSG_AUTH pgs=0 cs=0 l=0).handle_connect_msg accept connect_seq 2029 vs existing csq=2029 existing_state=STATE_STANDBY
2018-01-26 11:08:12.226316 7fc28f2f5700  0 -- 10.93.100.1:6820/1249303 >> 10.93.100.4:6826/3221427 conn(0x561da0dfd000 :6820 s=STATE_ACCEPTING_WAIT_CONNECT_MSG_AUTH pgs=0 cs=0 l=0).handle_connect_msg accept connect_seq 2030 vs existing csq=2029 existing_state=STATE_STANDBY
2018-01-26 11:10:24.554468 7fc28e2f3700  0 -- 10.93.100.1:6820/1249303 >> 10.93.100.4:6820/8223046 conn(0x561d99dc1000 :6820 s=STATE_OPEN pgs=32968 cs=1849 l=0).fault with nothing to send, going to standby
2018-01-26 11:15:35.647771 7fc266b95700  0 log_channel(cluster) log [INF] : 10.1de deep-scrub ok
2018-01-26 11:16:20.197196 7fc28eaf4700  0 -- 10.93.100.1:6820/1249303 >> 10.93.100.3:6826/225659 conn(0x561d96b14800 :-1 s=STATE_OPEN pgs=29201 cs=1361 l=0).fault with nothing to send, going to standby
2018-01-26 11:17:15.478107 7fc28e2f3700  0 -- 10.93.100.1:6820/1249303 >> 10.93.100.2:6813/359374 conn(0x561daa840000 :6820 s=STATE_ACCEPTING_WAIT_CONNECT_MSG_AUTH pgs=0 cs=0 l=0).handle_connect_msg accept connect_seq 1639 vs existing csq=1639 existing_state=STATE_STANDBY
2018-01-26 11:17:15.478385 7fc28e2f3700  0 -- 10.93.100.1:6820/1249303 >> 10.93.100.2:6813/359374 conn(0x561daa840000 :6820 s=STATE_ACCEPTING_WAIT_CONNECT_MSG_AUTH pgs=0 cs=0 l=0).handle_connect_msg accept connect_seq 1640 vs existing csq=1639 existing_state=STATE_STANDBY
2018-01-26 11:17:16.650011 7fc28eaf4700  0 -- 10.93.100.1:6820/1249303 >> 10.93.100.4:6818/2216733 conn(0x561d9a4e9000 :6820 s=STATE_OPEN pgs=35596 cs=1445 l=0).fault with nothing to send, going to standby
2018-01-26 11:17:38.862620 7fc28eaf4700  0 -- 10.93.100.1:6820/1249303 >> 10.93.100.3:6816/217802 conn(0x561d98eeb000 :-1 s=STATE_OPEN pgs=43166 cs=1895 l=0).fault with nothing to send, going to standby
2018-01-26 11:23:50.049751 7fc28eaf4700  0 -- 10.93.100.1:6820/1249303 >> 10.93.100.2:6829/1354570 conn(0x561db3144000 :6820 s=STATE_ACCEPTING_WAIT_CONNECT_MSG_AUTH pgs=0 cs=0 l=0).handle_connect_msg accept connect_seq 69 vs existing csq=69 existing_state=STATE_STANDBY
2018-01-26 11:23:50.050024 7fc28eaf4700  0 -- 10.93.100.1:6820/1249303 >> 10.93.100.2:6829/1354570 conn(0x561db3144000 :6820 s=STATE_ACCEPTING_WAIT_CONNECT_MSG_AUTH pgs=0 cs=0 l=0).handle_connect_msg accept connect_seq 70 vs existing csq=69 existing_state=STATE_STANDBY
2018-01-26 11:31:20.998998 7fc28e2f3700  0 -- 10.93.100.1:6820/1249303 >> 10.93.100.3:6818/219268 conn(0x561d9879c800 :6820 s=STATE_OPEN pgs=32274 cs=1357 l=0).fault with nothing to send, going to standby
2018-01-26 11:34:27.441020 7fc28e2f3700  0 -- 10.93.100.1:6820/1249303 >> 10.93.100.4:6820/8223046 conn(0x561d99dc1000 :6820 s=STATE_OPEN pgs=32982 cs=1851 l=0).fault with nothing to send, going to standby
2018-01-26 11:37:26.461677 7fc28eaf4700  0 -- 10.93.100.1:6820/1249303 >> 10.93.100.3:6824/224017 conn(0x561daef76800 :6820 s=STATE_ACCEPTING_WAIT_CONNECT_MSG_AUTH pgs=0 cs=0 l=0).handle_connect_msg accept connect_seq 1491 vs existing csq=1491 existing_state=STATE_STANDBY
2018-01-26 11:37:26.461908 7fc28eaf4700  0 -- 10.93.100.1:6820/1249303 >> 10.93.100.3:6824/224017 conn(0x561daef76800 :6820 s=STATE_ACCEPTING_WAIT_CONNECT_MSG_AUTH pgs=0 cs=0 l=0).handle_connect_msg accept connect_seq 1492 vs existing csq=1491 existing_state=STATE_STANDBY
2018-01-26 11:38:09.170388 7fc28eaf4700  0 -- 10.93.100.1:6820/1249303 >> 10.93.100.3:6822/222405 conn(0x561d98ee8000 :-1 s=STATE_OPEN pgs=25266 cs=1825 l=0).fault with nothing to send, going to standby
2018-01-26 11:41:05.564761 7fc28f2f5700  0 -- 10.93.100.1:6820/1249303 >> 10.93.100.2:6800/1358075 conn(0x561dab8ba000 :6820 s=STATE_OPEN pgs=40692 cs=129 l=0).fault with nothing to send, going to standby
2018-01-26 11:47:15.377271 7fc28f2f5700  0 -- 10.93.100.1:6820/1249303 >> 10.93.100.3:6804/210170 conn(0x561d97f78000 :-1 s=STATE_OPEN pgs=45289 cs=1955 l=0).fault with nothing to send, going to standby
2018-01-26 11:47:15.476973 7fc28e2f3700  0 -- 10.93.100.1:6820/1249303 >> 10.93.100.2:6813/359374 conn(0x561d96b11800 :-1 s=STATE_OPEN pgs=37322 cs=1641 l=0).fault with nothing to send, going to standby
2018-01-26 11:47:37.690377 7fc28f2f5700  0 -- 10.93.100.1:6820/1249303 >> 10.93.100.2:6815/360743 conn(0x561d99df8000 :-1 s=STATE_OPEN pgs=39599 cs=1385 l=0).fault with nothing to send, going to standby
2018-01-26 11:47:38.849911 7fc28f2f5700  0 -- 10.93.100.1:6820/1249303 >> 10.93.100.2:6823/366582 conn(0x561d98ee9800 :-1 s=STATE_OPEN pgs=34180 cs=1593 l=0).fault with nothing to send, going to standby
2018-01-26 11:48:30.958012 7fc266394700  0 log_channel(cluster) log [INF] : 10.35b scrub starts
2018-01-26 11:49:33.182222 7fc28e2f3700  0 -- 10.93.100.1:6820/1249303 >> 10.93.100.4:6810/211184 conn(0x561dab36c800 :6820 s=STATE_ACCEPTING_WAIT_CONNECT_MSG_AUTH pgs=0 cs=0 l=0).handle_connect_msg accept connect_seq 1529 vs existing csq=1529 existing_state=STATE_STANDBY
2018-01-26 11:49:33.182483 7fc28e2f3700  0 -- 10.93.100.1:6820/1249303 >> 10.93.100.4:6810/211184 conn(0x561dab36c800 :6820 s=STATE_ACCEPTING_WAIT_CONNECT_MSG_AUTH pgs=0 cs=0 l=0).handle_connect_msg accept connect_seq 1530 vs existing csq=1529 existing_state=STATE_STANDBY
2018-01-26 11:49:56.460495 7fc263b8f700  0 log_channel(cluster) log [INF] : 10.35b scrub ok
2018-01-26 11:53:50.048873 7fc28eaf4700  0 -- 10.93.100.1:6820/1249303 >> 10.93.100.2:6829/1354570 conn(0x561db4e48800 :6820 s=STATE_OPEN pgs=27534 cs=71 l=0).fault with nothing to send, going to standby
2018-01-26 12:04:27.470457 7fc28f2f5700  0 -- 10.93.100.1:6820/1249303 >> 10.93.100.4:6800/205503 conn(0x561d997fc800 :6820 s=STATE_OPEN pgs=35200 cs=2055 l=0).fault with nothing to send, going to standby
2018-01-26 12:07:26.462549 7fc28eaf4700  0 -- 10.93.100.1:6820/1249303 >> 10.93.100.3:6824/224017 conn(0x561d99b15000 :-1 s=STATE_OPEN pgs=34537 cs=1493 l=0).fault with nothing to send, going to standby
2018-01-26 12:07:28.085650 7fc28e2f3700  0 -- 10.93.100.1:6820/1249303 >> 10.93.100.4:6820/8223046 conn(0x561d99dc1000 :6820 s=STATE_OPEN pgs=32990 cs=1853 l=0).fault with nothing to send, going to standby
2018-01-26 12:08:04.123079 7fc267b97700  0 log_channel(cluster) log [INF] : 3.6f scrub starts
2018-01-26 12:08:04.124053 7fc267b97700  0 log_channel(cluster) log [INF] : 3.6f scrub ok
2018-01-26 12:08:09.088652 7fc28eaf4700  0 -- 10.93.100.1:6820/1249303 >> 10.93.100.4:6806/208712 conn(0x561d9a355000 :-1 s=STATE_OPEN pgs=27748 cs=1801 l=0).fault with nothing to send, going to standby
2018-01-26 12:08:12.224537 7fc28f2f5700  0 -- 10.93.100.1:6820/1249303 >> 10.93.100.4:6826/3221427 conn(0x561d99de6800 :6820 s=STATE_OPEN pgs=40017 cs=2031 l=0).fault with nothing to send, going to standby
2018-01-26 12:17:32.321597 7fc28f2f5700  0 -- 10.93.100.1:6820/1249303 >> 10.93.100.2:6821/365066 conn(0x561d96b25000 :-1 s=STATE_OPEN pgs=30811 cs=1485 l=0).fault with nothing to send, going to standby
2018-01-26 12:19:24.893810 7fc28eaf4700  0 -- 10.93.100.1:6820/1249303 >> 10.93.100.4:6826/3221427 conn(0x561d96a93000 :6820 s=STATE_ACCEPTING_WAIT_CONNECT_MSG_AUTH pgs=0 cs=0 l=0).handle_connect_msg accept connect_seq 2031 vs existing csq=2031 existing_state=STATE_STANDBY
2018-01-26 12:19:24.894029 7fc28eaf4700  0 -- 10.93.100.1:6820/1249303 >> 10.93.100.4:6826/3221427 conn(0x561d96a93000 :6820 s=STATE_ACCEPTING_WAIT_CONNECT_MSG_AUTH pgs=0 cs=0 l=0).handle_connect_msg accept connect_seq 2032 vs existing csq=2031 existing_state=STATE_STANDBY
2018-01-26 12:19:33.184815 7fc28e2f3700  0 -- 10.93.100.1:6820/1249303 >> 10.93.100.4:6810/211184 conn(0x561d96c16000 :-1 s=STATE_OPEN pgs=33373 cs=1531 l=0).fault with nothing to send, going to standby
2018-01-26 12:23:04.123158 7fc28f2f5700  0 -- 10.93.100.1:6820/1249303 >> 10.93.100.2:6809/356849 conn(0x561d99dc4000 :-1 s=STATE_OPEN pgs=28944 cs=1855 l=0).fault with nothing to send, going to standby
2018-01-26 12:23:54.245074 7fc267b97700  0 log_channel(cluster) log [INF] : 3.33f scrub starts
2018-01-26 12:23:54.246149 7fc265392700  0 log_channel(cluster) log [INF] : 3.33f scrub ok
2018-01-26 12:24:58.416850 7fc28f2f5700  0 -- 10.93.100.1:6820/1249303 >> 10.93.100.3:6822/222405 conn(0x561d987c1000 :6820 s=STATE_ACCEPTING_WAIT_CONNECT_MSG_AUTH pgs=0 cs=0 l=0).handle_connect_msg accept connect_seq 1825 vs existing csq=1825 existing_state=STATE_STANDBY
2018-01-26 12:24:58.417242 7fc28f2f5700  0 -- 10.93.100.1:6820/1249303 >> 10.93.100.3:6822/222405 conn(0x561d987c1000 :6820 s=STATE_ACCEPTING_WAIT_CONNECT_MSG_AUTH pgs=0 cs=0 l=0).handle_connect_msg accept connect_seq 1826 vs existing csq=1825 existing_state=STATE_STANDBY
2018-01-26 12:27:32.274431 7fc267396700  0 log_channel(cluster) log [INF] : 2.2 scrub starts
2018-01-26 12:27:32.312563 7fc267396700  0 log_channel(cluster) log [INF] : 2.2 scrub ok
2018-01-26 12:28:32.024879 7fc28eaf4700  0 -- 10.93.100.1:6820/1249303 >> 10.93.100.2:6823/366582 conn(0x561dab36b000 :6820 s=STATE_ACCEPTING_WAIT_CONNECT_MSG_AUTH pgs=0 cs=0 l=0).handle_connect_msg accept connect_seq 1593 vs existing csq=1593 existing_state=STATE_STANDBY
2018-01-26 12:28:32.025169 7fc28eaf4700  0 -- 10.93.100.1:6820/1249303 >> 10.93.100.2:6823/366582 conn(0x561dab36b000 :6820 s=STATE_ACCEPTING_WAIT_CONNECT_MSG_AUTH pgs=0 cs=0 l=0).handle_connect_msg accept connect_seq 1594 vs existing csq=1593 existing_state=STATE_STANDBY
2018-01-26 12:32:17.553767 7fc28f2f5700  0 -- 10.93.100.1:6820/1249303 >> 10.93.100.4:6818/2216733 conn(0x561d9a9a9000 :6820 s=STATE_ACCEPTING_WAIT_CONNECT_MSG_AUTH pgs=0 cs=0 l=0).handle_connect_msg accept connect_seq 1445 vs existing csq=1445 existing_state=STATE_STANDBY
2018-01-26 12:32:17.554090 7fc28f2f5700  0 -- 10.93.100.1:6820/1249303 >> 10.93.100.4:6818/2216733 conn(0x561d9a9a9000 :6820 s=STATE_ACCEPTING_WAIT_CONNECT_MSG_AUTH pgs=0 cs=0 l=0).handle_connect_msg accept connect_seq 1446 vs existing csq=1445 existing_state=STATE_STANDBY
2018-01-26 12:35:46.338331 7fc266b95700  0 log_channel(cluster) log [INF] : 10.328 scrub starts
2018-01-26 12:36:50.362838 7fc266b95700  0 log_channel(cluster) log [INF] : 10.328 scrub ok
2018-01-26 12:37:25.451929 7fc28eaf4700  0 -- 10.93.100.1:6820/1249303 >> 10.93.100.2:6809/356849 conn(0x561daef5b800 :6820 s=STATE_ACCEPTING_WAIT_CONNECT_MSG_AUTH pgs=0 cs=0 l=0).handle_connect_msg accept connect_seq 1855 vs existing csq=1855 existing_state=STATE_STANDBY
2018-01-26 12:37:25.452171 7fc28eaf4700  0 -- 10.93.100.1:6820/1249303 >> 10.93.100.2:6809/356849 conn(0x561daef5b800 :6820 s=STATE_ACCEPTING_WAIT_CONNECT_MSG_AUTH pgs=0 cs=0 l=0).handle_connect_msg accept connect_seq 1856 vs existing csq=1855 existing_state=STATE_STANDBY
2018-01-26 12:45:15.881280 7fc28f2f5700  0 -- 10.93.100.1:6820/1249303 >> 10.93.100.3:6824/224017 conn(0x561d997fb000 :6820 s=STATE_ACCEPTING_WAIT_CONNECT_MSG_AUTH pgs=0 cs=0 l=0).handle_connect_msg accept connect_seq 1493 vs existing csq=1493 existing_state=STATE_STANDBY
2018-01-26 12:45:15.881573 7fc28f2f5700  0 -- 10.93.100.1:6820/1249303 >> 10.93.100.3:6824/224017 conn(0x561d997fb000 :6820 s=STATE_ACCEPTING_WAIT_CONNECT_MSG_AUTH pgs=0 cs=0 l=0).handle_connect_msg accept connect_seq 1494 vs existing csq=1493 existing_state=STATE_STANDBY
2018-01-26 12:45:44.917253 7fc28eaf4700  0 -- 10.93.100.1:6820/1249303 >> 10.93.100.3:6814/216395 conn(0x561db6ff6000 :6820 s=STATE_ACCEPTING_WAIT_CONNECT_MSG_AUTH pgs=0 cs=0 l=0).handle_connect_msg accept connect_seq 233 vs existing csq=233 existing_state=STATE_STANDBY
2018-01-26 12:45:44.917520 7fc28eaf4700  0 -- 10.93.100.1:6820/1249303 >> 10.93.100.3:6814/216395 conn(0x561db6ff6000 :6820 s=STATE_ACCEPTING_WAIT_CONNECT_MSG_AUTH pgs=0 cs=0 l=0).handle_connect_msg accept connect_seq 234 vs existing csq=233 existing_state=STATE_STANDBY
2018-01-26 12:46:52.755409 7fc28eaf4700  0 -- 10.93.100.1:6820/1249303 >> 10.93.100.3:6818/219268 conn(0x561dab369800 :6820 s=STATE_ACCEPTING_WAIT_CONNECT_MSG_AUTH pgs=0 cs=0 l=0).handle_connect_msg accept connect_seq 1357 vs existing csq=1357 existing_state=STATE_STANDBY
2018-01-26 12:46:52.755629 7fc28eaf4700  0 -- 10.93.100.1:6820/1249303 >> 10.93.100.3:6818/219268 conn(0x561dab369800 :6820 s=STATE_ACCEPTING_WAIT_CONNECT_MSG_AUTH pgs=0 cs=0 l=0).handle_connect_msg accept connect_seq 1358 vs existing csq=1357 existing_state=STATE_STANDBY
2018-01-26 12:49:25.191251 7fc28f2f5700  0 -- 10.93.100.1:6820/1249303 >> 10.93.100.2:6821/365066 conn(0x561d96b25000 :-1 s=STATE_OPEN pgs=30820 cs=1487 l=0).fault with nothing to send, going to standby
2018-01-26 12:49:26.508950 7fc28f2f5700  0 -- 10.93.100.1:6820/1249303 >> 10.93.100.3:6804/210170 conn(0x561d97f78000 :-1 s=STATE_OPEN pgs=45316 cs=1957 l=0).fault with nothing to send, going to standby
2018-01-26 12:53:54.243336 7fc28f2f5700  0 -- 10.93.100.1:6820/1249303 >> 10.93.100.2:6807/355664 conn(0x561d99d52000 :-1 s=STATE_OPEN pgs=40663 cs=407 l=0).fault with nothing to send, going to standby
2018-01-26 12:54:58.417633 7fc28f2f5700  0 -- 10.93.100.1:6820/1249303 >> 10.93.100.3:6822/222405 conn(0x561d98ee8000 :-1 s=STATE_OPEN pgs=25287 cs=1827 l=0).fault with nothing to send, going to standby
2018-01-26 12:57:32.272721 7fc28e2f3700  0 -- 10.93.100.1:6820/1249303 >> 10.93.100.2:6813/359374 conn(0x561d96b11800 :-1 s=STATE_OPEN pgs=37352 cs=1643 l=0).fault with nothing to send, going to standby
2018-01-26 12:58:32.026941 7fc28eaf4700  0 -- 10.93.100.1:6820/1249303 >> 10.93.100.2:6823/366582 conn(0x561d98ee9800 :-1 s=STATE_OPEN pgs=34210 cs=1595 l=0).fault with nothing to send, going to standby
2018-01-26 13:00:16.578728 7fc28eaf4700  0 -- 10.93.100.1:6820/1249303 >> 10.93.100.3:6816/217802 conn(0x561d98eeb000 :-1 s=STATE_OPEN pgs=43212 cs=1897 l=0).fault with nothing to send, going to standby
2018-01-26 13:00:44.923025 7fc28eaf4700  0 -- 10.93.100.1:6820/1249303 >> 10.93.100.3:6814/216395 conn(0x561d9a732000 :6820 s=STATE_OPEN pgs=34761 cs=235 l=0).fault with nothing to send, going to standby
2018-01-26 13:02:17.553973 7fc28f2f5700  0 -- 10.93.100.1:6820/1249303 >> 10.93.100.4:6818/2216733 conn(0x561d9a4e9000 :6820 s=STATE_OPEN pgs=35642 cs=1447 l=0).fault with nothing to send, going to standby
2018-01-26 13:02:18.004676 7fc28e2f3700  0 -- 10.93.100.1:6820/1249303 >> 10.93.100.2:6825/368212 conn(0x561d9917b800 :6820 s=STATE_OPEN pgs=31134 cs=1643 l=0).fault with nothing to send, going to standby
2018-01-26 13:06:03.572404 7fc266b95700  0 log_channel(cluster) log [INF] : 3.d scrub starts
2018-01-26 13:06:03.573636 7fc266b95700  0 log_channel(cluster) log [INF] : 3.d scrub ok
2018-01-26 13:07:25.413266 7fc28e2f3700  0 -- 10.93.100.1:6820/1249303 >> 10.93.100.4:6820/8223046 conn(0x561d99dc1000 :6820 s=STATE_OPEN pgs=33007 cs=1855 l=0).fault with nothing to send, going to standby
2018-01-26 13:07:25.452609 7fc28eaf4700  0 -- 10.93.100.1:6820/1249303 >> 10.93.100.2:6809/356849 conn(0x561d99dc4000 :-1 s=STATE_OPEN pgs=28957 cs=1857 l=0).fault with nothing to send, going to standby
2018-01-26 13:09:24.613693 7fc28eaf4700  0 -- 10.93.100.1:6820/1249303 >> 10.93.100.4:6806/208712 conn(0x561d9a355000 :-1 s=STATE_OPEN pgs=27780 cs=1803 l=0).fault with nothing to send, going to standby
2018-01-26 13:15:15.884310 7fc28f2f5700  0 -- 10.93.100.1:6820/1249303 >> 10.93.100.3:6824/224017 conn(0x561d99b15000 :-1 s=STATE_OPEN pgs=34566 cs=1495 l=0).fault with nothing to send, going to standby
2018-01-26 13:16:15.652099 7fc265392700  0 log_channel(cluster) log [INF] : 6.1a deep-scrub starts
2018-01-26 13:16:15.691592 7fc265392700  0 log_channel(cluster) log [INF] : 6.1a deep-scrub ok
2018-01-26 13:16:52.757265 7fc28eaf4700  0 -- 10.93.100.1:6820/1249303 >> 10.93.100.3:6818/219268 conn(0x561d9879c800 :6820 s=STATE_OPEN pgs=32312 cs=1359 l=0).fault with nothing to send, going to standby
2018-01-26 13:18:54.572475 7fc28f2f5700  0 -- 10.93.100.1:6820/1249303 >> 10.93.100.2:6815/360743 conn(0x561d99df8000 :-1 s=STATE_OPEN pgs=39660 cs=1387 l=0).fault with nothing to send, going to standby
2018-01-26 13:19:24.896417 7fc28eaf4700  0 -- 10.93.100.1:6820/1249303 >> 10.93.100.4:6826/3221427 conn(0x561d99de6800 :6820 s=STATE_OPEN pgs=40046 cs=2033 l=0).fault with nothing to send, going to standby
2018-01-26 13:31:52.504365 7fc28f2f5700  0 -- 10.93.100.1:6820/1249303 >> 10.93.100.4:6800/205503 conn(0x561d997fc800 :6820 s=STATE_OPEN pgs=35226 cs=2057 l=0).fault with nothing to send, going to standby
2018-01-26 13:32:26.173318 7fc28f2f5700  0 -- 10.93.100.1:6820/1249303 >> 10.93.100.3:6804/210170 conn(0x561d97f78000 :-1 s=STATE_OPEN pgs=45342 cs=1959 l=0).fault with nothing to send, going to standby
2018-01-26 13:37:24.210322 7fc28e2f3700  0 -- 10.93.100.1:6820/1249303 >> 10.93.100.4:6826/3221427 conn(0x561d99e4f000 :6820 s=STATE_ACCEPTING_WAIT_CONNECT_MSG_AUTH pgs=0 cs=0 l=0).handle_connect_msg accept connect_seq 2033 vs existing csq=2033 existing_state=STATE_STANDBY
2018-01-26 13:37:24.210944 7fc28e2f3700  0 -- 10.93.100.1:6820/1249303 >> 10.93.100.4:6826/3221427 conn(0x561d99e4f000 :6820 s=STATE_ACCEPTING_WAIT_CONNECT_MSG_AUTH pgs=0 cs=0 l=0).handle_connect_msg accept connect_seq 2034 vs existing csq=2033 existing_state=STATE_STANDBY
2018-01-26 13:39:40.008640 7fc28eaf4700  0 -- 10.93.100.1:6820/1249303 >> 10.93.100.4:6824/2218244 conn(0x561d99e4d800 :6820 s=STATE_ACCEPTING_WAIT_CONNECT_MSG_AUTH pgs=0 cs=0 l=0).handle_connect_msg accept connect_seq 361 vs existing csq=361 existing_state=STATE_STANDBY
2018-01-26 13:39:40.009033 7fc28eaf4700  0 -- 10.93.100.1:6820/1249303 >> 10.93.100.4:6824/2218244 conn(0x561d99e4d800 :6820 s=STATE_ACCEPTING_WAIT_CONNECT_MSG_AUTH pgs=0 cs=0 l=0).handle_connect_msg accept connect_seq 362 vs existing csq=361 existing_state=STATE_STANDBY
2018-01-26 13:42:23.004149 7fc28f2f5700  0 -- 10.93.100.1:6820/1249303 >> 10.93.100.4:6804/207607 conn(0x561db88f8000 :6820 s=STATE_ACCEPTING_WAIT_CONNECT_MSG_AUTH pgs=0 cs=0 l=0).handle_connect_msg accept connect_seq 227 vs existing csq=227 existing_state=STATE_STANDBY
2018-01-26 13:42:23.004470 7fc28f2f5700  0 -- 10.93.100.1:6820/1249303 >> 10.93.100.4:6804/207607 conn(0x561db88f8000 :6820 s=STATE_ACCEPTING_WAIT_CONNECT_MSG_AUTH pgs=0 cs=0 l=0).handle_connect_msg accept connect_seq 228 vs existing csq=227 existing_state=STATE_STANDBY
2018-01-26 13:46:15.654354 7fc28e2f3700  0 -- 10.93.100.1:6820/1249303 >> 10.93.100.2:6813/359374 conn(0x561d96b11800 :-1 s=STATE_OPEN pgs=37380 cs=1645 l=0).fault with nothing to send, going to standby
2018-01-26 13:47:16.568371 7fc28eaf4700  0 -- 10.93.100.1:6820/1249303 >> 10.93.100.4:6810/211184 conn(0x561db88f9800 :6820 s=STATE_ACCEPTING_WAIT_CONNECT_MSG_AUTH pgs=0 cs=0 l=0).handle_connect_msg accept connect_seq 1531 vs existing csq=1531 existing_state=STATE_STANDBY
2018-01-26 13:47:16.568655 7fc28eaf4700  0 -- 10.93.100.1:6820/1249303 >> 10.93.100.4:6810/211184 conn(0x561db88f9800 :6820 s=STATE_ACCEPTING_WAIT_CONNECT_MSG_AUTH pgs=0 cs=0 l=0).handle_connect_msg accept connect_seq 1532 vs existing csq=1531 existing_state=STATE_STANDBY
2018-01-26 13:47:25.639735 7fc28eaf4700  0 -- 10.93.100.1:6820/1249303 >> 10.93.100.2:6809/356849 conn(0x561d99dc4000 :-1 s=STATE_OPEN pgs=28968 cs=1859 l=0).fault with nothing to send, going to standby
2018-01-26 13:47:25.911361 7fc28e2f3700  0 -- 10.93.100.1:6820/1249303 >> 10.93.100.2:6825/368212 conn(0x561d9917b800 :6820 s=STATE_OPEN pgs=31145 cs=1645 l=0).fault with nothing to send, going to standby
2018-01-26 13:47:26.144331 7fc28e2f3700  0 -- 10.93.100.1:6820/1249303 >> 10.93.100.4:6820/8223046 conn(0x561d99dc1000 :6820 s=STATE_OPEN pgs=33028 cs=1857 l=0).fault with nothing to send, going to standby
2018-01-26 10:30:01.163957 7facca746700 -1 received  signal: Hangup from  PID: 2350909 task name: killall -q -1 ceph-mon ceph-mds ceph-osd ceph-fuse radosgw  UID: 0
2018-01-26 10:30:04.072341 7facfaeb6700  0 -- 10.93.100.1:6804/1249183 >> 10.93.100.2:6823/366582 conn(0x55cda5017800 :6804 s=STATE_ACCEPTING_WAIT_CONNECT_MSG_AUTH pgs=0 cs=0 l=0).handle_connect_msg accept connect_seq 1139 vs existing csq=1139 existing_state=STATE_STANDBY
2018-01-26 10:30:04.072372 7facfa6b5700  0 -- 10.93.100.1:6804/1249183 >> 10.93.100.4:6810/211184 conn(0x55cda2cd0800 :6804 s=STATE_ACCEPTING_WAIT_CONNECT_MSG_AUTH pgs=0 cs=0 l=0).handle_connect_msg accept connect_seq 1743 vs existing csq=1743 existing_state=STATE_STANDBY
2018-01-26 10:30:04.072565 7facfaeb6700  0 -- 10.93.100.1:6804/1249183 >> 10.93.100.2:6823/366582 conn(0x55cda5017800 :6804 s=STATE_ACCEPTING_WAIT_CONNECT_MSG_AUTH pgs=0 cs=0 l=0).handle_connect_msg accept connect_seq 1140 vs existing csq=1139 existing_state=STATE_STANDBY
2018-01-26 10:30:04.072634 7facfa6b5700  0 -- 10.93.100.1:6804/1249183 >> 10.93.100.4:6810/211184 conn(0x55cda2cd0800 :6804 s=STATE_ACCEPTING_WAIT_CONNECT_MSG_AUTH pgs=0 cs=0 l=0).handle_connect_msg accept connect_seq 1744 vs existing csq=1743 existing_state=STATE_STANDBY
2018-01-26 10:30:10.652643 7facfa6b5700  0 -- 10.93.100.1:6804/1249183 >> 10.93.100.4:6802/206532 conn(0x55cd9801b000 :6804 s=STATE_OPEN pgs=27719 cs=573 l=0).fault with nothing to send, going to standby
2018-01-26 10:32:25.511016 7facfb6b7700  0 -- 10.93.100.1:6804/1249183 >> 10.93.100.2:6815/360743 conn(0x55cd988b1000 :-1 s=STATE_OPEN pgs=39573 cs=1726 l=0).fault with nothing to send, going to standby
2018-01-26 10:35:28.863921 7facfb6b7700  0 -- 10.93.100.1:6804/1249183 >> 10.93.100.3:6802/209116 conn(0x55cd97bfc000 :-1 s=STATE_OPEN pgs=36236 cs=1312 l=0).fault with nothing to send, going to standby
2018-01-26 10:37:24.394492 7facfb6b7700  0 -- 10.93.100.1:6804/1249183 >> 10.93.100.4:6828/2213875 conn(0x55cd99397800 :6804 s=STATE_OPEN pgs=29119 cs=1483 l=0).fault with nothing to send, going to standby
2018-01-26 10:37:24.772907 7facfa6b5700  0 -- 10.93.100.1:6804/1249183 >> 10.93.100.4:6804/207607 conn(0x55cd984cd800 :6804 s=STATE_OPEN pgs=33755 cs=1115 l=0).fault with nothing to send, going to standby
2018-01-26 10:37:26.780437 7facfaeb6700  0 -- 10.93.100.1:6804/1249183 >> 10.93.100.3:6816/217802 conn(0x55cd95c48000 :-1 s=STATE_OPEN pgs=43137 cs=1659 l=0).fault with nothing to send, going to standby
2018-01-26 10:37:26.782511 7facfa6b5700  0 -- 10.93.100.1:6804/1249183 >> 10.93.100.2:6800/1358075 conn(0x55cdaac72000 :6804 s=STATE_OPEN pgs=40673 cs=153 l=0).fault with nothing to send, going to standby
2018-01-26 10:37:36.900122 7facfa6b5700  0 -- 10.93.100.1:6804/1249183 >> 10.93.100.3:6802/209116 conn(0x55cd9e05c000 :6804 s=STATE_ACCEPTING_WAIT_CONNECT_MSG_AUTH pgs=0 cs=0 l=0).handle_connect_msg accept connect_seq 1312 vs existing csq=1312 existing_state=STATE_STANDBY
2018-01-26 10:37:36.900359 7facfa6b5700  0 -- 10.93.100.1:6804/1249183 >> 10.93.100.3:6802/209116 conn(0x55cd9e05c000 :6804 s=STATE_ACCEPTING_WAIT_CONNECT_MSG_AUTH pgs=0 cs=0 l=0).handle_connect_msg accept connect_seq 1313 vs existing csq=1312 existing_state=STATE_STANDBY
2018-01-26 10:46:33.224358 7facfb6b7700  0 -- 10.93.100.1:6804/1249183 >> 10.93.100.3:6800/208071 conn(0x55cd990fb000 :-1 s=STATE_OPEN pgs=32950 cs=1491 l=0).fault with nothing to send, going to standby
2018-01-26 10:47:18.333461 7facfa6b5700  0 -- 10.93.100.1:6804/1249183 >> 10.93.100.2:6821/365066 conn(0x55cd95c3a000 :-1 s=STATE_OPEN pgs=30769 cs=1523 l=0).fault with nothing to send, going to standby
2018-01-26 10:47:24.933618 7facfa6b5700  0 -- 10.93.100.1:6804/1249183 >> 10.93.100.2:6807/355664 conn(0x55cd990ed800 :6804 s=STATE_OPEN pgs=40599 cs=1325 l=0).fault with nothing to send, going to standby
2018-01-26 10:47:25.060813 7facfaeb6700  0 -- 10.93.100.1:6804/1249183 >> 10.93.100.4:6824/2218244 conn(0x55cd98924000 :6804 s=STATE_OPEN pgs=37146 cs=1217 l=0).fault with nothing to send, going to standby
2018-01-26 10:49:40.983211 7facd0752700  0 log_channel(cluster) log [INF] : 5.58 scrub starts
2018-01-26 10:49:40.984501 7facd0752700  0 log_channel(cluster) log [INF] : 5.58 scrub ok
2018-01-26 10:57:24.760381 7facfaeb6700  0 -- 10.93.100.1:6804/1249183 >> 10.93.100.3:6818/219268 conn(0x55cd95bf5000 :6804 s=STATE_ACCEPTING_WAIT_CONNECT_MSG_AUTH pgs=0 cs=0 l=0).handle_connect_msg accept connect_seq 1457 vs existing csq=1457 existing_state=STATE_STANDBY
2018-01-26 10:57:24.760679 7facfaeb6700  0 -- 10.93.100.1:6804/1249183 >> 10.93.100.3:6818/219268 conn(0x55cd95bf5000 :6804 s=STATE_ACCEPTING_WAIT_CONNECT_MSG_AUTH pgs=0 cs=0 l=0).handle_connect_msg accept connect_seq 1458 vs existing csq=1457 existing_state=STATE_STANDBY
2018-01-26 10:59:28.191140 7facfa6b5700  0 -- 10.93.100.1:6804/1249183 >> 10.93.100.2:6817/362105 conn(0x55cd97381000 :-1 s=STATE_OPEN pgs=38283 cs=1813 l=0).fault with nothing to send, going to standby
2018-01-26 11:00:03.205080 7facfa6b5700  0 -- 10.93.100.1:6804/1249183 >> 10.93.100.4:6818/2216733 conn(0x55cd9db35000 :-1 s=STATE_OPEN pgs=35587 cs=679 l=0).fault with nothing to send, going to standby
2018-01-26 11:00:04.074627 7facfa6b5700  0 -- 10.93.100.1:6804/1249183 >> 10.93.100.4:6810/211184 conn(0x55cd95c49800 :-1 s=STATE_OPEN pgs=33342 cs=1745 l=0).fault with nothing to send, going to standby
2018-01-26 11:00:04.074736 7facfaeb6700  0 -- 10.93.100.1:6804/1249183 >> 10.93.100.2:6823/366582 conn(0x55cd95c3d000 :-1 s=STATE_OPEN pgs=34170 cs=1141 l=0).fault with nothing to send, going to standby
2018-01-26 11:02:17.038565 7facfaeb6700  0 -- 10.93.100.1:6804/1249183 >> 10.93.100.3:6816/217802 conn(0x55cd95c48000 :-1 s=STATE_OPEN pgs=43164 cs=1661 l=0).fault with nothing to send, going to standby
2018-01-26 11:02:27.291130 7facfb6b7700  0 -- 10.93.100.1:6804/1249183 >> 10.93.100.2:6829/1354570 conn(0x55cdb489b800 :6804 s=STATE_OPEN pgs=27514 cs=217 l=0).fault with nothing to send, going to standby
2018-01-26 11:04:24.580598 7facfa6b5700  0 -- 10.93.100.1:6804/1249183 >> 10.93.100.2:6827/369870 conn(0x55cd990de800 :-1 s=STATE_OPEN pgs=25917 cs=1315 l=0).fault with nothing to send, going to standby
2018-01-26 11:07:35.662830 7facfb6b7700  0 -- 10.93.100.1:6804/1249183 >> 10.93.100.4:6828/2213875 conn(0x55cd99397800 :6804 s=STATE_OPEN pgs=29137 cs=1485 l=0).fault with nothing to send, going to standby
2018-01-26 11:07:36.901243 7facfa6b5700  0 -- 10.93.100.1:6804/1249183 >> 10.93.100.3:6802/209116 conn(0x55cd97bfc000 :-1 s=STATE_OPEN pgs=36260 cs=1314 l=0).fault with nothing to send, going to standby
2018-01-26 11:08:11.971764 7facfaeb6700  0 -- 10.93.100.1:6804/1249183 >> 10.93.100.2:6815/360743 conn(0x55cdacbf3800 :6804 s=STATE_ACCEPTING_WAIT_CONNECT_MSG_AUTH pgs=0 cs=0 l=0).handle_connect_msg accept connect_seq 1726 vs existing csq=1726 existing_state=STATE_STANDBY
2018-01-26 11:08:11.971999 7facfaeb6700  0 -- 10.93.100.1:6804/1249183 >> 10.93.100.2:6815/360743 conn(0x55cdacbf3800 :6804 s=STATE_ACCEPTING_WAIT_CONNECT_MSG_AUTH pgs=0 cs=0 l=0).handle_connect_msg accept connect_seq 1727 vs existing csq=1726 existing_state=STATE_STANDBY
2018-01-26 11:10:25.006430 7facfb6b7700  0 -- 10.93.100.1:6804/1249183 >> 10.93.100.4:6812/212504 conn(0x55cd986e9800 :-1 s=STATE_OPEN pgs=30662 cs=1281 l=0).fault with nothing to send, going to standby
2018-01-26 11:15:03.725525 7facfaeb6700  0 -- 10.93.100.1:6804/1249183 >> 10.93.100.3:6826/225659 conn(0x55cd95c3e800 :-1 s=STATE_OPEN pgs=29188 cs=1857 l=0).fault with nothing to send, going to standby
2018-01-26 11:17:15.289190 7facfb6b7700  0 -- 10.93.100.1:6804/1249183 >> 10.93.100.3:6812/215022 conn(0x55cda44c2800 :6804 s=STATE_ACCEPTING_WAIT_CONNECT_MSG_AUTH pgs=0 cs=0 l=0).handle_connect_msg accept connect_seq 1805 vs existing csq=1805 existing_state=STATE_STANDBY
2018-01-26 11:17:15.289475 7facfb6b7700  0 -- 10.93.100.1:6804/1249183 >> 10.93.100.3:6812/215022 conn(0x55cda44c2800 :6804 s=STATE_ACCEPTING_WAIT_CONNECT_MSG_AUTH pgs=0 cs=0 l=0).handle_connect_msg accept connect_seq 1806 vs existing csq=1805 existing_state=STATE_STANDBY
2018-01-26 11:17:17.484354 7facfaeb6700  0 -- 10.93.100.1:6804/1249183 >> 10.93.100.4:6822/219807 conn(0x55cd99110000 :6804 s=STATE_OPEN pgs=32688 cs=1310 l=0).fault with nothing to send, going to standby
2018-01-26 11:17:17.805020 7facfa6b5700  0 -- 10.93.100.1:6804/1249183 >> 10.93.100.2:6800/1358075 conn(0x55cdaac72000 :6804 s=STATE_OPEN pgs=40686 cs=155 l=0).fault with nothing to send, going to standby
2018-01-26 11:19:27.026086 7facfaeb6700  0 -- 10.93.100.1:6804/1249183 >> 10.93.100.4:6824/2218244 conn(0x55cda5019000 :6804 s=STATE_ACCEPTING_WAIT_CONNECT_MSG_AUTH pgs=0 cs=0 l=0).handle_connect_msg accept connect_seq 1217 vs existing csq=1217 existing_state=STATE_STANDBY
2018-01-26 11:19:27.026374 7facfaeb6700  0 -- 10.93.100.1:6804/1249183 >> 10.93.100.4:6824/2218244 conn(0x55cda5019000 :6804 s=STATE_ACCEPTING_WAIT_CONNECT_MSG_AUTH pgs=0 cs=0 l=0).handle_connect_msg accept connect_seq 1218 vs existing csq=1217 existing_state=STATE_STANDBY
2018-01-26 11:19:27.434903 7facfaeb6700  0 -- 10.93.100.1:6804/1249183 >> 10.93.100.3:6826/225659 conn(0x55cd999bd800 :6804 s=STATE_ACCEPTING_WAIT_CONNECT_MSG_AUTH pgs=0 cs=0 l=0).handle_connect_msg accept connect_seq 1857 vs existing csq=1857 existing_state=STATE_STANDBY
2018-01-26 11:19:27.435163 7facfaeb6700  0 -- 10.93.100.1:6804/1249183 >> 10.93.100.3:6826/225659 conn(0x55cd999bd800 :6804 s=STATE_ACCEPTING_WAIT_CONNECT_MSG_AUTH pgs=0 cs=0 l=0).handle_connect_msg accept connect_seq 1858 vs existing csq=1857 existing_state=STATE_STANDBY
2018-01-26 11:27:24.760705 7facfaeb6700  0 -- 10.93.100.1:6804/1249183 >> 10.93.100.3:6818/219268 conn(0x55cd988af800 :-1 s=STATE_OPEN pgs=32271 cs=1459 l=0).fault with nothing to send, going to standby
2018-01-26 11:32:16.962920 7facfaeb6700  0 -- 10.93.100.1:6804/1249183 >> 10.93.100.2:6829/1354570 conn(0x55cd9b68b000 :6804 s=STATE_ACCEPTING_WAIT_CONNECT_MSG_AUTH pgs=0 cs=0 l=0).handle_connect_msg accept connect_seq 217 vs existing csq=217 existing_state=STATE_STANDBY
2018-01-26 11:32:16.963151 7facfaeb6700  0 -- 10.93.100.1:6804/1249183 >> 10.93.100.2:6829/1354570 conn(0x55cd9b68b000 :6804 s=STATE_ACCEPTING_WAIT_CONNECT_MSG_AUTH pgs=0 cs=0 l=0).handle_connect_msg accept connect_seq 218 vs existing csq=217 existing_state=STATE_STANDBY
2018-01-26 11:32:17.141730 7facfb6b7700  0 -- 10.93.100.1:6804/1249183 >> 10.93.100.2:6803/353482 conn(0x55cdae89b800 :6804 s=STATE_ACCEPTING_WAIT_CONNECT_MSG_AUTH pgs=0 cs=0 l=0).handle_connect_msg accept connect_seq 1519 vs existing csq=1519 existing_state=STATE_STANDBY
2018-01-26 11:32:17.142066 7facfb6b7700  0 -- 10.93.100.1:6804/1249183 >> 10.93.100.2:6803/353482 conn(0x55cdae89b800 :6804 s=STATE_ACCEPTING_WAIT_CONNECT_MSG_AUTH pgs=0 cs=0 l=0).handle_connect_msg accept connect_seq 1520 vs existing csq=1519 existing_state=STATE_STANDBY
2018-01-26 11:34:27.026449 7facfaeb6700  0 -- 10.93.100.1:6804/1249183 >> 10.93.100.4:6824/2218244 conn(0x55cd98924000 :6804 s=STATE_OPEN pgs=37182 cs=1219 l=0).fault with nothing to send, going to standby
2018-01-26 11:38:11.974737 7facfaeb6700  0 -- 10.93.100.1:6804/1249183 >> 10.93.100.2:6815/360743 conn(0x55cd988b1000 :-1 s=STATE_OPEN pgs=39610 cs=1728 l=0).fault with nothing to send, going to standby
2018-01-26 11:41:47.395361 7facd2756700  0 log_channel(cluster) log [INF] : 3.3f6 scrub starts
2018-01-26 11:41:47.396260 7facd2756700  0 log_channel(cluster) log [INF] : 3.3f6 scrub ok
2018-01-26 11:47:15.292927 7facfb6b7700  0 -- 10.93.100.1:6804/1249183 >> 10.93.100.3:6812/215022 conn(0x55cd95ea6000 :6804 s=STATE_OPEN pgs=30253 cs=1807 l=0).fault with nothing to send, going to standby
2018-01-26 11:49:15.773673 7facfa6b5700  0 -- 10.93.100.1:6804/1249183 >> 10.93.100.4:6810/211184 conn(0x55cd95c49800 :-1 s=STATE_OPEN pgs=33360 cs=1747 l=0).fault with nothing to send, going to standby
2018-01-26 11:49:25.761812 7facfa6b5700  0 -- 10.93.100.1:6804/1249183 >> 10.93.100.2:6817/362105 conn(0x55cd97381000 :-1 s=STATE_OPEN pgs=38312 cs=1815 l=0).fault with nothing to send, going to standby
2018-01-26 11:49:27.434160 7facfaeb6700  0 -- 10.93.100.1:6804/1249183 >> 10.93.100.3:6826/225659 conn(0x55cd95c3e800 :-1 s=STATE_OPEN pgs=29215 cs=1859 l=0).fault with nothing to send, going to standby
2018-01-26 11:56:47.396170 7facfb6b7700  0 -- 10.93.100.1:6804/1249183 >> 10.93.100.4:6828/2213875 conn(0x55cd99397800 :6804 s=STATE_OPEN pgs=29157 cs=1487 l=0).fault with nothing to send, going to standby
2018-01-26 11:57:34.049509 7facfa6b5700  0 -- 10.93.100.1:6804/1249183 >> 10.93.100.4:6824/2218244 conn(0x55cd95bf5000 :6804 s=STATE_ACCEPTING_WAIT_CONNECT_MSG_AUTH pgs=0 cs=0 l=0).handle_connect_msg accept connect_seq 1219 vs existing csq=1219 existing_state=STATE_STANDBY
2018-01-26 11:57:34.049824 7facfa6b5700  0 -- 10.93.100.1:6804/1249183 >> 10.93.100.4:6824/2218244 conn(0x55cd95bf5000 :6804 s=STATE_ACCEPTING_WAIT_CONNECT_MSG_AUTH pgs=0 cs=0 l=0).handle_connect_msg accept connect_seq 1220 vs existing csq=1219 existing_state=STATE_STANDBY
2018-01-26 12:02:16.965902 7facfaeb6700  0 -- 10.93.100.1:6804/1249183 >> 10.93.100.2:6829/1354570 conn(0x55cdb489b800 :6804 s=STATE_OPEN pgs=27537 cs=219 l=0).fault with nothing to send, going to standby
2018-01-26 12:02:17.144937 7facfb6b7700  0 -- 10.93.100.1:6804/1249183 >> 10.93.100.2:6803/353482 conn(0x55cd96ee3000 :6804 s=STATE_OPEN pgs=35514 cs=1521 l=0).fault with nothing to send, going to standby
2018-01-26 12:07:26.190004 7facfa6b5700  0 -- 10.93.100.1:6804/1249183 >> 10.93.100.2:6821/365066 conn(0x55cd95c3a000 :-1 s=STATE_OPEN pgs=30804 cs=1525 l=0).fault with nothing to send, going to standby
2018-01-26 12:07:26.934303 7facfa6b5700  0 -- 10.93.100.1:6804/1249183 >> 10.93.100.2:6819/363563 conn(0x55cd9842d800 :-1 s=STATE_OPEN pgs=37258 cs=1355 l=0).fault with nothing to send, going to standby
2018-01-26 12:17:34.573230 7facfa6b5700  0 -- 10.93.100.1:6804/1249183 >> 10.93.100.4:6804/207607 conn(0x55cd984cd800 :6804 s=STATE_OPEN pgs=33809 cs=1117 l=0).fault with nothing to send, going to standby
2018-01-26 12:19:25.121974 7facfb6b7700  0 -- 10.93.100.1:6804/1249183 >> 10.93.100.3:6812/215022 conn(0x55cd9a63f000 :6804 s=STATE_ACCEPTING_WAIT_CONNECT_MSG_AUTH pgs=0 cs=0 l=0).handle_connect_msg accept connect_seq 1807 vs existing csq=1807 existing_state=STATE_STANDBY
2018-01-26 12:19:25.122258 7facfb6b7700  0 -- 10.93.100.1:6804/1249183 >> 10.93.100.3:6812/215022 conn(0x55cd9a63f000 :6804 s=STATE_ACCEPTING_WAIT_CONNECT_MSG_AUTH pgs=0 cs=0 l=0).handle_connect_msg accept connect_seq 1808 vs existing csq=1807 existing_state=STATE_STANDBY
2018-01-26 12:19:25.550992 7facfb6b7700  0 -- 10.93.100.1:6804/1249183 >> 10.93.100.2:6817/362105 conn(0x55cda6be3000 :6804 s=STATE_ACCEPTING_WAIT_CONNECT_MSG_AUTH pgs=0 cs=0 l=0).handle_connect_msg accept connect_seq 1815 vs existing csq=1815 existing_state=STATE_STANDBY
2018-01-26 12:19:25.551306 7facfb6b7700  0 -- 10.93.100.1:6804/1249183 >> 10.93.100.2:6817/362105 conn(0x55cda6be3000 :6804 s=STATE_ACCEPTING_WAIT_CONNECT_MSG_AUTH pgs=0 cs=0 l=0).handle_connect_msg accept connect_seq 1816 vs existing csq=1815 existing_state=STATE_STANDBY
2018-01-26 12:22:24.717652 7facd3758700  0 log_channel(cluster) log [INF] : 10.322 scrub starts
2018-01-26 12:23:46.170195 7facd3758700  0 log_channel(cluster) log [INF] : 10.322 scrub ok
2018-01-26 12:23:54.727683 7facd2f57700  0 log_channel(cluster) log [INF] : 3.2d3 scrub starts
2018-01-26 12:23:54.728954 7facd2f57700  0 log_channel(cluster) log [INF] : 3.2d3 scrub ok
2018-01-26 12:27:34.050629 7facfa6b5700  0 -- 10.93.100.1:6804/1249183 >> 10.93.100.4:6824/2218244 conn(0x55cd98924000 :6804 s=STATE_OPEN pgs=37198 cs=1221 l=0).fault with nothing to send, going to standby
2018-01-26 12:28:13.509048 7facfa6b5700  0 -- 10.93.100.1:6804/1249183 >> 10.93.100.2:6815/360743 conn(0x55cd999bd800 :6804 s=STATE_ACCEPTING_WAIT_CONNECT_MSG_AUTH pgs=0 cs=0 l=0).handle_connect_msg accept connect_seq 1728 vs existing csq=1728 existing_state=STATE_STANDBY
2018-01-26 12:28:13.509299 7facfa6b5700  0 -- 10.93.100.1:6804/1249183 >> 10.93.100.2:6815/360743 conn(0x55cd999bd800 :6804 s=STATE_ACCEPTING_WAIT_CONNECT_MSG_AUTH pgs=0 cs=0 l=0).handle_connect_msg accept connect_seq 1729 vs existing csq=1728 existing_state=STATE_STANDBY
2018-01-26 12:32:18.250322 7facfb6b7700  0 -- 10.93.100.1:6804/1249183 >> 10.93.100.3:6802/209116 conn(0x55cd999f9800 :6804 s=STATE_ACCEPTING_WAIT_CONNECT_MSG_AUTH pgs=0 cs=0 l=0).handle_connect_msg accept connect_seq 1314 vs existing csq=1314 existing_state=STATE_STANDBY
2018-01-26 12:32:18.250601 7facfb6b7700  0 -- 10.93.100.1:6804/1249183 >> 10.93.100.3:6802/209116 conn(0x55cd999f9800 :6804 s=STATE_ACCEPTING_WAIT_CONNECT_MSG_AUTH pgs=0 cs=0 l=0).handle_connect_msg accept connect_seq 1315 vs existing csq=1314 existing_state=STATE_STANDBY
2018-01-26 12:43:13.509790 7facfa6b5700  0 -- 10.93.100.1:6804/1249183 >> 10.93.100.2:6815/360743 conn(0x55cd988b1000 :-1 s=STATE_OPEN pgs=39647 cs=1730 l=0).fault with nothing to send, going to standby
2018-01-26 12:46:52.836834 7facfaeb6700  0 -- 10.93.100.1:6804/1249183 >> 10.93.100.2:6829/1354570 conn(0x55cd9a63f000 :6804 s=STATE_ACCEPTING_WAIT_CONNECT_MSG_AUTH pgs=0 cs=0 l=0).handle_connect_msg accept connect_seq 219 vs existing csq=219 existing_state=STATE_STANDBY
2018-01-26 12:46:52.837289 7facfaeb6700  0 -- 10.93.100.1:6804/1249183 >> 10.93.100.2:6829/1354570 conn(0x55cd9a63f000 :6804 s=STATE_ACCEPTING_WAIT_CONNECT_MSG_AUTH pgs=0 cs=0 l=0).handle_connect_msg accept connect_seq 220 vs existing csq=219 existing_state=STATE_STANDBY
2018-01-26 12:47:16.794311 7facfa6b5700  0 -- 10.93.100.1:6804/1249183 >> 10.93.100.2:6800/1358075 conn(0x55cdaac72000 :6804 s=STATE_OPEN pgs=40743 cs=157 l=0).fault with nothing to send, going to standby
2018-01-26 12:49:25.120816 7facfb6b7700  0 -- 10.93.100.1:6804/1249183 >> 10.93.100.3:6812/215022 conn(0x55cd95ea6000 :6804 s=STATE_OPEN pgs=30270 cs=1809 l=0).fault with nothing to send, going to standby
2018-01-26 12:49:25.550157 7facfb6b7700  0 -- 10.93.100.1:6804/1249183 >> 10.93.100.2:6817/362105 conn(0x55cd97381000 :-1 s=STATE_OPEN pgs=38337 cs=1817 l=0).fault with nothing to send, going to standby
2018-01-26 12:52:24.716706 7facfa6b5700  0 -- 10.93.100.1:6804/1249183 >> 10.93.100.2:6821/365066 conn(0x55cd95c3a000 :-1 s=STATE_OPEN pgs=30821 cs=1527 l=0).fault with nothing to send, going to standby
2018-01-26 12:53:54.726898 7facfaeb6700  0 -- 10.93.100.1:6804/1249183 >> 10.93.100.2:6809/356849 conn(0x55cd95c1c800 :-1 s=STATE_OPEN pgs=28948 cs=1437 l=0).fault with nothing to send, going to standby
2018-01-26 13:02:18.101475 7facfa6b5700  0 -- 10.93.100.1:6804/1249183 >> 10.93.100.2:6827/369870 conn(0x55cd990de800 :-1 s=STATE_OPEN pgs=25955 cs=1317 l=0).fault with nothing to send, going to standby
2018-01-26 13:02:18.249646 7facfb6b7700  0 -- 10.93.100.1:6804/1249183 >> 10.93.100.3:6802/209116 conn(0x55cd97bfc000 :-1 s=STATE_OPEN pgs=36308 cs=1316 l=0).fault with nothing to send, going to standby
2018-01-26 13:03:54.814109 7facfa6b5700  0 -- 10.93.100.1:6804/1249183 >> 10.93.100.4:6810/211184 conn(0x55cd95c49800 :-1 s=STATE_OPEN pgs=33394 cs=1749 l=0).fault with nothing to send, going to standby
2018-01-26 13:03:55.217498 7facfb6b7700  0 -- 10.93.100.1:6804/1249183 >> 10.93.100.3:6800/208071 conn(0x55cd990fb000 :-1 s=STATE_OPEN pgs=33009 cs=1493 l=0).fault with nothing to send, going to standby
2018-01-26 13:03:55.680047 7facfb6b7700  0 -- 10.93.100.1:6804/1249183 >> 10.93.100.4:6828/2213875 conn(0x55cd99397800 :6804 s=STATE_OPEN pgs=29173 cs=1489 l=0).fault with nothing to send, going to standby
2018-01-26 13:07:25.877959 7facfb6b7700  0 -- 10.93.100.1:6804/1249183 >> 10.93.100.4:6812/212504 conn(0x55cd986e9800 :-1 s=STATE_OPEN pgs=30703 cs=1283 l=0).fault with nothing to send, going to standby
2018-01-26 13:09:16.091145 7facd0f53700  0 log_channel(cluster) log [INF] : 10.2af scrub starts
2018-01-26 13:09:24.584474 7facfa6b5700  0 -- 10.93.100.1:6804/1249183 >> 10.93.100.2:6819/363563 conn(0x55cd9842d800 :-1 s=STATE_OPEN pgs=37289 cs=1357 l=0).fault with nothing to send, going to standby
2018-01-26 13:12:15.314657 7facfb6b7700  0 -- 10.93.100.1:6804/1249183 >> 10.93.100.4:6802/206532 conn(0x55cda3a81000 :6804 s=STATE_ACCEPTING_WAIT_CONNECT_MSG_AUTH pgs=0 cs=0 l=0).handle_connect_msg accept connect_seq 573 vs existing csq=573 existing_state=STATE_STANDBY
2018-01-26 13:12:15.314964 7facfb6b7700  0 -- 10.93.100.1:6804/1249183 >> 10.93.100.4:6802/206532 conn(0x55cda3a81000 :6804 s=STATE_ACCEPTING_WAIT_CONNECT_MSG_AUTH pgs=0 cs=0 l=0).handle_connect_msg accept connect_seq 574 vs existing csq=573 existing_state=STATE_STANDBY
2018-01-26 13:13:25.563501 7facd3758700  0 log_channel(cluster) log [INF] : 10.2af scrub ok
2018-01-26 13:16:52.841543 7facfaeb6700  0 -- 10.93.100.1:6804/1249183 >> 10.93.100.2:6829/1354570 conn(0x55cdb489b800 :6804 s=STATE_OPEN pgs=27568 cs=221 l=0).fault with nothing to send, going to standby
2018-01-26 13:17:44.017049 7facfaeb6700  0 -- 10.93.100.1:6804/1249183 >> 10.93.100.3:6816/217802 conn(0x55cd95c48000 :-1 s=STATE_OPEN pgs=43220 cs=1663 l=0).fault with nothing to send, going to standby
2018-01-26 13:32:05.604796 7facfb6b7700  0 -- 10.93.100.1:6804/1249183 >> 10.93.100.4:6812/212504 conn(0x55cd986e9800 :-1 s=STATE_OPEN pgs=30718 cs=1285 l=0).fault with nothing to send, going to standby
2018-01-26 13:32:25.416919 7facfaeb6700  0 -- 10.93.100.1:6804/1249183 >> 10.93.100.4:6822/219807 conn(0x55cd99110000 :6804 s=STATE_OPEN pgs=32737 cs=1312 l=0).fault with nothing to send, going to standby
2018-01-26 13:39:16.091546 7facfa6b5700  0 -- 10.93.100.1:6804/1249183 >> 10.93.100.2:6800/1358075 conn(0x55cdaac72000 :6804 s=STATE_OPEN pgs=40762 cs=159 l=0).fault with nothing to send, going to standby
2018-01-26 13:42:15.317489 7facfb6b7700  0 -- 10.93.100.1:6804/1249183 >> 10.93.100.4:6802/206532 conn(0x55cd9801b000 :6804 s=STATE_OPEN pgs=27792 cs=575 l=0).fault with nothing to send, going to standby
2018-01-26 13:47:25.788542 7facfa6b5700  0 -- 10.93.100.1:6804/1249183 >> 10.93.100.4:6810/211184 conn(0x55cd95c49800 :-1 s=STATE_OPEN pgs=33403 cs=1751 l=0).fault with nothing to send, going to standby
2018-01-26 13:47:27.578392 7facfa6b5700  0 -- 10.93.100.1:6804/1249183 >> 10.93.100.2:6809/356849 conn(0x55cd99a32800 :6804 s=STATE_ACCEPTING_WAIT_CONNECT_MSG_AUTH pgs=0 cs=0 l=0).handle_connect_msg accept connect_seq 1437 vs existing csq=1437 existing_state=STATE_STANDBY
2018-01-26 13:47:27.578646 7facfa6b5700  0 -- 10.93.100.1:6804/1249183 >> 10.93.100.2:6809/356849 conn(0x55cd99a32800 :6804 s=STATE_ACCEPTING_WAIT_CONNECT_MSG_AUTH pgs=0 cs=0 l=0).handle_connect_msg accept connect_seq 1438 vs existing csq=1437 existing_state=STATE_STANDBY
2018-01-26 13:48:29.682966 7facfaeb6700  0 -- 10.93.100.1:6804/1249183 >> 10.93.100.4:6800/205503 conn(0x55cd99101000 :6804 s=STATE_ACCEPTING_WAIT_CONNECT_MSG_AUTH pgs=0 cs=0 l=0).handle_connect_msg accept connect_seq 588 vs existing csq=588 existing_state=STATE_STANDBY
2018-01-26 13:48:29.683236 7facfaeb6700  0 -- 10.93.100.1:6804/1249183 >> 10.93.100.4:6800/205503 conn(0x55cd99101000 :6804 s=STATE_ACCEPTING_WAIT_CONNECT_MSG_AUTH pgs=0 cs=0 l=0).handle_connect_msg accept connect_seq 589 vs existing csq=588 existing_state=STATE_STANDBY
2018-01-26 10:31:33.233636 7fcbd710c700  0 -- 10.93.100.1:6810/1249245 >> 10.93.100.4:6824/2218244 conn(0x55dff77d7800 :6810 s=STATE_ACCEPTING_WAIT_CONNECT_MSG_AUTH pgs=0 cs=0 l=0).handle_connect_msg accept connect_seq 1275 vs existing csq=1275 existing_state=STATE_STANDBY
2018-01-26 10:31:33.233939 7fcbd710c700  0 -- 10.93.100.1:6810/1249245 >> 10.93.100.4:6824/2218244 conn(0x55dff77d7800 :6810 s=STATE_ACCEPTING_WAIT_CONNECT_MSG_AUTH pgs=0 cs=0 l=0).handle_connect_msg accept connect_seq 1276 vs existing csq=1275 existing_state=STATE_STANDBY
2018-01-26 10:31:34.357125 7fcbaf1ad700  0 log_channel(cluster) log [INF] : 10.30e scrub starts
2018-01-26 10:32:17.806837 7fcbd690b700  0 -- 10.93.100.1:6810/1249245 >> 10.93.100.3:6800/208071 conn(0x55dff4e8c000 :6810 s=STATE_ACCEPTING_WAIT_CONNECT_MSG_AUTH pgs=0 cs=0 l=0).handle_connect_msg accept connect_seq 1217 vs existing csq=1217 existing_state=STATE_STANDBY
2018-01-26 10:32:17.807099 7fcbd690b700  0 -- 10.93.100.1:6810/1249245 >> 10.93.100.3:6800/208071 conn(0x55dff4e8c000 :6810 s=STATE_ACCEPTING_WAIT_CONNECT_MSG_AUTH pgs=0 cs=0 l=0).handle_connect_msg accept connect_seq 1218 vs existing csq=1217 existing_state=STATE_STANDBY
